#
# There is insufficient memory for the Java Runtime Environment to continue.
# Native memory allocation (malloc) failed to allocate 32744 bytes for ChunkPool::allocate
# Possible reasons:
#   The system is out of physical RAM or swap space
#   The process is running with CompressedOops enabled, and the Java Heap may be blocking the growth of the native heap
# Possible solutions:
#   Reduce memory load on the system
#   Increase physical memory or swap space
#   Check if swap backing store is full
#   Decrease Java heap size (-Xmx/-Xms)
#   Decrease number of Java threads
#   Decrease Java thread stack sizes (-Xss)
#   Set larger code cache with -XX:ReservedCodeCacheSize=
#   JVM is running with Zero Based Compressed Oops mode in which the Java heap is
#     placed in the first 32GB address space. The Java Heap base address is the
#     maximum limit for the native heap growth. Please use -XX:HeapBaseMinAddress
#     to set the Java Heap base and to place the Java Heap above 32GB virtual address.
# This output file may be truncated or incomplete.
#
#  Out of Memory Error (allocation.cpp:272), pid=41996, tid=0x000000000000013c
#
# JRE version: Java(TM) SE Runtime Environment (8.0_411) (build 1.8.0_411-b09)
# Java VM: Java HotSpot(TM) 64-Bit Server VM (25.411-b09 mixed mode windows-amd64 compressed oops)
# Failed to write core dump. Minidumps are not enabled by default on client versions of Windows
#

---------------  T H R E A D  ---------------

Current thread (0x0000029d970ee000):  JavaThread "C1 CompilerThread9" daemon [_thread_in_native, id=316, stack(0x000000a324a00000,0x000000a324b00000)]

Stack: [0x000000a324a00000,0x000000a324b00000]
Native frames: (J=compiled Java code, j=interpreted, Vv=VM code, C=native code)
V  [jvm.dll+0x3540d9]
V  [jvm.dll+0x291062]
V  [jvm.dll+0x291c2d]
V  [jvm.dll+0x286265]
V  [jvm.dll+0xdbd31]
V  [jvm.dll+0xdc08c]
V  [jvm.dll+0x42a9ff]
V  [jvm.dll+0x430bf5]
V  [jvm.dll+0x41cd00]
V  [jvm.dll+0x408d45]
V  [jvm.dll+0x4086ad]
V  [jvm.dll+0x408887]
V  [jvm.dll+0x407fd1]
V  [jvm.dll+0x40996f]
V  [jvm.dll+0xb0626]
V  [jvm.dll+0xaecff]
V  [jvm.dll+0x252182]
V  [jvm.dll+0x2adb2c]
C  [ucrtbase.dll+0x37b0]
C  [KERNEL32.DLL+0x2e957]
C  [ntdll.dll+0x427c]


Current CompileTask:
C1: 270839 4579       3       sun.nio.ch.WindowsSelectorImpl$FinishLock::checkForException (51 bytes)


---------------  P R O C E S S  ---------------

Java Threads: ( => current thread )
  0x0000029d99f63000 JavaThread "http-nio-80-AsyncTimeout" daemon [_thread_blocked, id=42200, stack(0x000000a325f00000,0x000000a326000000)]
  0x0000029d99f5e800 JavaThread "http-nio-80-Acceptor" daemon [_thread_in_native, id=33012, stack(0x000000a325e00000,0x000000a325f00000)]
  0x0000029d99f5f800 JavaThread "http-nio-80-Poller" daemon [_thread_in_native, id=41148, stack(0x000000a325d00000,0x000000a325e00000)]
  0x0000029d99f61000 JavaThread "http-nio-80-exec-10" daemon [_thread_blocked, id=38276, stack(0x000000a325c00000,0x000000a325d00000)]
  0x0000029d99f61800 JavaThread "http-nio-80-exec-9" daemon [_thread_blocked, id=12532, stack(0x000000a325b00000,0x000000a325c00000)]
  0x0000029d9c54f000 JavaThread "http-nio-80-exec-8" daemon [_thread_blocked, id=36252, stack(0x000000a325a00000,0x000000a325b00000)]
  0x0000029d9c54e800 JavaThread "http-nio-80-exec-7" daemon [_thread_blocked, id=17464, stack(0x000000a325900000,0x000000a325a00000)]
  0x0000029d9c54d800 JavaThread "http-nio-80-exec-6" daemon [_thread_blocked, id=24516, stack(0x000000a325800000,0x000000a325900000)]
  0x0000029d9c54a000 JavaThread "http-nio-80-exec-5" daemon [_thread_blocked, id=28472, stack(0x000000a325700000,0x000000a325800000)]
  0x0000029d9c54d000 JavaThread "http-nio-80-exec-4" daemon [_thread_blocked, id=30096, stack(0x000000a325600000,0x000000a325700000)]
  0x0000029d9c54c000 JavaThread "http-nio-80-exec-3" daemon [_thread_blocked, id=9916, stack(0x000000a325500000,0x000000a325600000)]
  0x0000029d9c548800 JavaThread "http-nio-80-exec-2" daemon [_thread_blocked, id=12364, stack(0x000000a325400000,0x000000a325500000)]
  0x0000029d9c54a800 JavaThread "http-nio-80-exec-1" daemon [_thread_blocked, id=26516, stack(0x000000a325300000,0x000000a325400000)]
  0x0000029d9c54b800 JavaThread "ContainerBackgroundProcessor[StandardEngine[Catalina]]" daemon [_thread_blocked, id=11000, stack(0x000000a325200000,0x000000a325300000)]
  0x0000029d97ba7000 JavaThread "GC Daemon" daemon [_thread_blocked, id=40444, stack(0x000000a324f00000,0x000000a325000000)]
  0x0000029d97135800 JavaThread "Service Thread" daemon [_thread_blocked, id=41532, stack(0x000000a324d00000,0x000000a324e00000)]
  0x0000029d97108800 JavaThread "C1 CompilerThread11" daemon [_thread_blocked, id=32468, stack(0x000000a324c00000,0x000000a324d00000)]
  0x0000029d970f8000 JavaThread "C1 CompilerThread10" daemon [_thread_blocked, id=42528, stack(0x000000a324b00000,0x000000a324c00000)]
=>0x0000029d970ee000 JavaThread "C1 CompilerThread9" daemon [_thread_in_native, id=316, stack(0x000000a324a00000,0x000000a324b00000)]
  0x0000029d970db800 JavaThread "C1 CompilerThread8" daemon [_thread_blocked, id=37728, stack(0x000000a324900000,0x000000a324a00000)]
  0x0000029d970d2800 JavaThread "C2 CompilerThread7" daemon [_thread_blocked, id=34656, stack(0x000000a324800000,0x000000a324900000)]
  0x0000029d970c8000 JavaThread "C2 CompilerThread6" daemon [_thread_blocked, id=27844, stack(0x000000a324700000,0x000000a324800000)]
  0x0000029d970ae000 JavaThread "C2 CompilerThread5" daemon [_thread_blocked, id=41508, stack(0x000000a324600000,0x000000a324700000)]
  0x0000029d9709a000 JavaThread "C2 CompilerThread4" daemon [_thread_blocked, id=40028, stack(0x000000a324500000,0x000000a324600000)]
  0x0000029d9704f000 JavaThread "C2 CompilerThread3" daemon [_thread_blocked, id=30596, stack(0x000000a324400000,0x000000a324500000)]
  0x0000029d97046800 JavaThread "C2 CompilerThread2" daemon [_thread_blocked, id=36428, stack(0x000000a324300000,0x000000a324400000)]
  0x0000029d97045800 JavaThread "C2 CompilerThread1" daemon [_thread_blocked, id=40700, stack(0x000000a324200000,0x000000a324300000)]
  0x0000029d9703e800 JavaThread "C2 CompilerThread0" daemon [_thread_blocked, id=14440, stack(0x000000a324100000,0x000000a324200000)]
  0x0000029d9703e000 JavaThread "Attach Listener" daemon [_thread_blocked, id=796, stack(0x000000a324000000,0x000000a324100000)]
  0x0000029d9703b000 JavaThread "Signal Dispatcher" daemon [_thread_blocked, id=12508, stack(0x000000a323f00000,0x000000a324000000)]
  0x0000029d96fd1800 JavaThread "Finalizer" daemon [_thread_blocked, id=29760, stack(0x000000a323e00000,0x000000a323f00000)]
  0x0000029dfd432000 JavaThread "Reference Handler" daemon [_thread_blocked, id=36800, stack(0x000000a323d00000,0x000000a323e00000)]
  0x0000029df94f9000 JavaThread "main" [_thread_in_native, id=41448, stack(0x000000a322e00000,0x000000a322f00000)]

Other Threads:
  0x0000029dfd42a000 VMThread [stack: 0x000000a323c00000,0x000000a323d00000] [id=38248]
  0x0000029d9713a000 WatcherThread [stack: 0x000000a324e00000,0x000000a324f00000] [id=41528]

VM state:not at safepoint (normal execution)

VM Mutex/Monitor currently owned by a thread: None

heap address: 0x00000006c4e00000, size: 4018 MB, Compressed Oops mode: Zero based, Oop shift amount: 3
Narrow klass base: 0x0000000000000000, Narrow klass shift: 3
Compressed class space size: 1073741824 Address: 0x00000007c0000000

Heap:
 PSYoungGen      total 545280K, used 329788K [0x000000076c500000, 0x0000000790300000, 0x00000007c0000000)
  eden space 506880K, 65% used [0x000000076c500000,0x000000078070f250,0x000000078b400000)
  from space 38400K, 0% used [0x000000078dd80000,0x000000078dd80000,0x0000000790300000)
  to   space 40448K, 0% used [0x000000078b400000,0x000000078b400000,0x000000078db80000)
 ParOldGen       total 117760K, used 25816K [0x00000006c4e00000, 0x00000006cc100000, 0x000000076c500000)
  object space 117760K, 21% used [0x00000006c4e00000,0x00000006c67361f0,0x00000006cc100000)
 Metaspace       used 33265K, capacity 33798K, committed 34096K, reserved 1079296K
  class space    used 3945K, capacity 4115K, committed 4144K, reserved 1048576K

Card table byte_map: [0x0000029dfb450000,0x0000029dfbc30000] byte_map_base: 0x0000029df7e29000

Marking Bits: (ParMarkBitMap*) 0x00007ff9ae9270d0
 Begin Bits: [0x0000029d8f000000, 0x0000029d92ec8000)
 End Bits:   [0x0000029d92ec8000, 0x0000029d96d90000)

Polling page: 0x0000029df9a20000

CodeCache: size=245760Kb used=16853Kb max_used=16853Kb free=228906Kb
 bounds [0x0000029d80000000, 0x0000029d81090000, 0x0000029d8f000000]
 total_blobs=4564 nmethods=4062 adapters=411
 compilation: enabled

Compilation events (10 events):
Event: 265.788 Thread 0x0000029d970db800 4580       3       sun.nio.ch.WindowsSelectorImpl::updateSelectedKeys (74 bytes)
Event: 265.788 Thread 0x0000029d97108800 nmethod 4578 0x0000029d804e0010 code [0x0000029d804e0180, 0x0000029d804e02f0]
Event: 265.788 Thread 0x0000029d97108800 4581       3       sun.nio.ch.WindowsSelectorImpl$SubSelector::access$2900 (6 bytes)
Event: 265.788 Thread 0x0000029d97108800 nmethod 4581 0x0000029d804dfc50 code [0x0000029d804dfdc0, 0x0000029d804dff30]
Event: 265.788 Thread 0x0000029d97108800 4582       3       sun.nio.ch.WindowsSelectorImpl$SubSelector::processSelectedKeys (64 bytes)
Event: 265.789 Thread 0x0000029d970f8000 nmethod 4577 0x0000029d804df290 code [0x0000029d804df420, 0x0000029d804df9b8]
Event: 265.789 Thread 0x0000029d97108800 nmethod 4582 0x0000029d80ac0250 code [0x0000029d80ac03e0, 0x0000029d80ac0650]
Event: 265.789 Thread 0x0000029d970db800 nmethod 4580 0x0000029d80abf5d0 code [0x0000029d80abf7a0, 0x0000029d80abfed0]
Event: 266.790 Thread 0x0000029d97108800 4583       3       org.apache.tomcat.util.net.NioEndpoint::access$100 (4 bytes)
Event: 266.790 Thread 0x0000029d97108800 nmethod 4583 0x0000029d80338e50 code [0x0000029d80338fa0, 0x0000029d803390d8]

GC Heap History (10 events):
Event: 4.608 GC heap before
{Heap before GC invocations=5 (full 0):
 PSYoungGen      total 139776K, used 139765K [0x000000076c500000, 0x0000000775800000, 0x00000007c0000000)
  eden space 129024K, 100% used [0x000000076c500000,0x0000000774300000,0x0000000774300000)
  from space 10752K, 99% used [0x0000000774d80000,0x00000007757fd728,0x0000000775800000)
  to   space 10752K, 0% used [0x0000000774300000,0x0000000774300000,0x0000000774d80000)
 ParOldGen       total 172032K, used 22043K [0x00000006c4e00000, 0x00000006cf600000, 0x000000076c500000)
  object space 172032K, 12% used [0x00000006c4e00000,0x00000006c6386c10,0x00000006cf600000)
 Metaspace       used 15902K, capacity 16250K, committed 16512K, reserved 1064960K
  class space    used 1758K, capacity 1907K, committed 1920K, reserved 1048576K
Event: 4.620 GC heap after
Heap after GC invocations=5 (full 0):
 PSYoungGen      total 139776K, used 10750K [0x000000076c500000, 0x000000077f500000, 0x00000007c0000000)
  eden space 129024K, 0% used [0x000000076c500000,0x000000076c500000,0x0000000774300000)
  from space 10752K, 99% used [0x0000000774300000,0x0000000774d7faf8,0x0000000774d80000)
  to   space 26624K, 0% used [0x000000077db00000,0x000000077db00000,0x000000077f500000)
 ParOldGen       total 172032K, used 33967K [0x00000006c4e00000, 0x00000006cf600000, 0x000000076c500000)
  object space 172032K, 19% used [0x00000006c4e00000,0x00000006c6f2bf78,0x00000006cf600000)
 Metaspace       used 15902K, capacity 16250K, committed 16512K, reserved 1064960K
  class space    used 1758K, capacity 1907K, committed 1920K, reserved 1048576K
}
Event: 5.189 GC heap before
{Heap before GC invocations=6 (full 0):
 PSYoungGen      total 139776K, used 139774K [0x000000076c500000, 0x000000077f500000, 0x00000007c0000000)
  eden space 129024K, 100% used [0x000000076c500000,0x0000000774300000,0x0000000774300000)
  from space 10752K, 99% used [0x0000000774300000,0x0000000774d7faf8,0x0000000774d80000)
  to   space 26624K, 0% used [0x000000077db00000,0x000000077db00000,0x000000077f500000)
 ParOldGen       total 172032K, used 33967K [0x00000006c4e00000, 0x00000006cf600000, 0x000000076c500000)
  object space 172032K, 19% used [0x00000006c4e00000,0x00000006c6f2bf78,0x00000006cf600000)
 Metaspace       used 15904K, capacity 16314K, committed 16512K, reserved 1064960K
  class space    used 1758K, capacity 1907K, committed 1920K, reserved 1048576K
Event: 5.200 GC heap after
Heap after GC invocations=6 (full 0):
 PSYoungGen      total 280064K, used 26597K [0x000000076c500000, 0x000000077fe00000, 0x00000007c0000000)
  eden space 253440K, 0% used [0x000000076c500000,0x000000076c500000,0x000000077bc80000)
  from space 26624K, 99% used [0x000000077db00000,0x000000077f4f9490,0x000000077f500000)
  to   space 31232K, 0% used [0x000000077bc80000,0x000000077bc80000,0x000000077db00000)
 ParOldGen       total 172032K, used 35249K [0x00000006c4e00000, 0x00000006cf600000, 0x000000076c500000)
  object space 172032K, 20% used [0x00000006c4e00000,0x00000006c706c550,0x00000006cf600000)
 Metaspace       used 15904K, capacity 16314K, committed 16512K, reserved 1064960K
  class space    used 1758K, capacity 1907K, committed 1920K, reserved 1048576K
}
Event: 6.332 GC heap before
{Heap before GC invocations=7 (full 0):
 PSYoungGen      total 280064K, used 280037K [0x000000076c500000, 0x000000077fe00000, 0x00000007c0000000)
  eden space 253440K, 100% used [0x000000076c500000,0x000000077bc80000,0x000000077bc80000)
  from space 26624K, 99% used [0x000000077db00000,0x000000077f4f9490,0x000000077f500000)
  to   space 31232K, 0% used [0x000000077bc80000,0x000000077bc80000,0x000000077db00000)
 ParOldGen       total 172032K, used 35249K [0x00000006c4e00000, 0x00000006cf600000, 0x000000076c500000)
  object space 172032K, 20% used [0x00000006c4e00000,0x00000006c706c550,0x00000006cf600000)
 Metaspace       used 15915K, capacity 16314K, committed 16512K, reserved 1064960K
  class space    used 1758K, capacity 1907K, committed 1920K, reserved 1048576K
Event: 6.349 GC heap after
Heap after GC invocations=7 (full 0):
 PSYoungGen      total 284672K, used 31231K [0x000000076c500000, 0x0000000790700000, 0x00000007c0000000)
  eden space 253440K, 0% used [0x000000076c500000,0x000000076c500000,0x000000077bc80000)
  from space 31232K, 99% used [0x000000077bc80000,0x000000077daffdf8,0x000000077db00000)
  to   space 42496K, 0% used [0x000000078dd80000,0x000000078dd80000,0x0000000790700000)
 ParOldGen       total 172032K, used 48540K [0x00000006c4e00000, 0x00000006cf600000, 0x000000076c500000)
  object space 172032K, 28% used [0x00000006c4e00000,0x00000006c7d670b0,0x00000006cf600000)
 Metaspace       used 15915K, capacity 16314K, committed 16512K, reserved 1064960K
  class space    used 1758K, capacity 1907K, committed 1920K, reserved 1048576K
}
Event: 8.648 GC heap before
{Heap before GC invocations=8 (full 0):
 PSYoungGen      total 284672K, used 257444K [0x000000076c500000, 0x0000000790700000, 0x00000007c0000000)
  eden space 253440K, 89% used [0x000000076c500000,0x000000077a1e9288,0x000000077bc80000)
  from space 31232K, 99% used [0x000000077bc80000,0x000000077daffdf8,0x000000077db00000)
  to   space 42496K, 0% used [0x000000078dd80000,0x000000078dd80000,0x0000000790700000)
 ParOldGen       total 172032K, used 48540K [0x00000006c4e00000, 0x00000006cf600000, 0x000000076c500000)
  object space 172032K, 28% used [0x00000006c4e00000,0x00000006c7d670b0,0x00000006cf600000)
 Metaspace       used 20758K, capacity 21204K, committed 21296K, reserved 1069056K
  class space    used 2400K, capacity 2576K, committed 2608K, reserved 1048576K
Event: 8.658 GC heap after
Heap after GC invocations=8 (full 0):
 PSYoungGen      total 545280K, used 20074K [0x000000076c500000, 0x0000000790300000, 0x00000007c0000000)
  eden space 506880K, 0% used [0x000000076c500000,0x000000076c500000,0x000000078b400000)
  from space 38400K, 52% used [0x000000078dd80000,0x000000078f11ab20,0x0000000790300000)
  to   space 40448K, 0% used [0x000000078b400000,0x000000078b400000,0x000000078db80000)
 ParOldGen       total 172032K, used 48692K [0x00000006c4e00000, 0x00000006cf600000, 0x000000076c500000)
  object space 172032K, 28% used [0x00000006c4e00000,0x00000006c7d8d0b0,0x00000006cf600000)
 Metaspace       used 20758K, capacity 21204K, committed 21296K, reserved 1069056K
  class space    used 2400K, capacity 2576K, committed 2608K, reserved 1048576K
}
Event: 8.658 GC heap before
{Heap before GC invocations=9 (full 1):
 PSYoungGen      total 545280K, used 20074K [0x000000076c500000, 0x0000000790300000, 0x00000007c0000000)
  eden space 506880K, 0% used [0x000000076c500000,0x000000076c500000,0x000000078b400000)
  from space 38400K, 52% used [0x000000078dd80000,0x000000078f11ab20,0x0000000790300000)
  to   space 40448K, 0% used [0x000000078b400000,0x000000078b400000,0x000000078db80000)
 ParOldGen       total 172032K, used 48692K [0x00000006c4e00000, 0x00000006cf600000, 0x000000076c500000)
  object space 172032K, 28% used [0x00000006c4e00000,0x00000006c7d8d0b0,0x00000006cf600000)
 Metaspace       used 20758K, capacity 21204K, committed 21296K, reserved 1069056K
  class space    used 2400K, capacity 2576K, committed 2608K, reserved 1048576K
Event: 8.682 GC heap after
Heap after GC invocations=9 (full 1):
 PSYoungGen      total 545280K, used 0K [0x000000076c500000, 0x0000000790300000, 0x00000007c0000000)
  eden space 506880K, 0% used [0x000000076c500000,0x000000076c500000,0x000000078b400000)
  from space 38400K, 0% used [0x000000078dd80000,0x000000078dd80000,0x0000000790300000)
  to   space 40448K, 0% used [0x000000078b400000,0x000000078b400000,0x000000078db80000)
 ParOldGen       total 117760K, used 25816K [0x00000006c4e00000, 0x00000006cc100000, 0x000000076c500000)
  object space 117760K, 21% used [0x00000006c4e00000,0x00000006c67361f0,0x00000006cc100000)
 Metaspace       used 20758K, capacity 21204K, committed 21296K, reserved 1069056K
  class space    used 2400K, capacity 2576K, committed 2608K, reserved 1048576K
}

Deoptimization events (10 events):
Event: 10.959 Thread 0x0000029d97a97000 Uncommon trap: reason=array_check action=maybe_recompile pc=0x0000029d80f7a308 method=java.util.AbstractCollection.toArray([Ljava/lang/Object;)[Ljava/lang/Object; @ 119
Event: 10.959 Thread 0x0000029d97a97000 Uncommon trap: reason=array_check action=maybe_recompile pc=0x0000029d80f7a308 method=java.util.AbstractCollection.toArray([Ljava/lang/Object;)[Ljava/lang/Object; @ 119
Event: 10.961 Thread 0x0000029d97a97000 Uncommon trap: reason=array_check action=maybe_recompile pc=0x0000029d80f7a308 method=java.util.AbstractCollection.toArray([Ljava/lang/Object;)[Ljava/lang/Object; @ 119
Event: 10.980 Thread 0x0000029d97a97000 Uncommon trap: reason=array_check action=maybe_recompile pc=0x0000029d80f7a308 method=java.util.AbstractCollection.toArray([Ljava/lang/Object;)[Ljava/lang/Object; @ 119
Event: 11.198 Thread 0x0000029d97a97000 Uncommon trap: reason=unstable_if action=reinterpret pc=0x0000029d80c2c2b4 method=org.apache.catalina.webresources.AbstractArchiveResourceSet.openJarFile()Ljava/util/jar/JarFile; @ 11
Event: 11.198 Thread 0x0000029d97a97000 Uncommon trap: reason=unstable_if action=reinterpret pc=0x0000029d805b6c94 method=org.apache.catalina.webresources.AbstractArchiveResourceSet.openJarFile()Ljava/util/jar/JarFile; @ 11
Event: 11.198 Thread 0x0000029d97a97000 Uncommon trap: reason=unstable_if action=reinterpret pc=0x0000029d80337d4c method=org.apache.catalina.webresources.AbstractArchiveResourceSet.openJarFile()Ljava/util/jar/JarFile; @ 11
Event: 11.219 Thread 0x0000029d97a97000 Uncommon trap: reason=unstable_if action=reinterpret pc=0x0000029d80f8c390 method=org.apache.catalina.loader.WebappClassLoaderBase.filter(Ljava/lang/String;Z)Z @ 407
Event: 11.220 Thread 0x0000029d97a97000 Uncommon trap: reason=unstable_if action=reinterpret pc=0x0000029d80e12a70 method=java.lang.Thread.getContextClassLoader()Ljava/lang/ClassLoader; @ 4
Event: 12.817 Thread 0x0000029d99f5f800 Uncommon trap: reason=class_check action=maybe_recompile pc=0x0000029d8107c4ac method=java.util.HashMap.removeNode(ILjava/lang/Object;Ljava/lang/Object;ZZ)Ljava/util/HashMap$Node; @ 68

Classes redefined (0 events):
No events

Internal exceptions (10 events):
Event: 10.666 Thread 0x0000029d97a97000 Exception <a 'java/lang/ClassNotFoundException': org/springframework/context/ApplicationListenerCustomizer> (0x000000077a841e68) thrown at [C:\jenkins\workspace\8-2-build-windows-x64-cygwin-sans-NAS\jdk8u411\893\hotspot\src\share\vm\classfile\systemDictio
Event: 10.696 Thread 0x0000029d97a97000 Exception <a 'java/lang/ClassNotFoundException': org/apache/commons/dbcp2/BasicDataSourceBeanInfo> (0x000000077aa97fd8) thrown at [C:\jenkins\workspace\8-2-build-windows-x64-cygwin-sans-NAS\jdk8u411\893\hotspot\src\share\vm\classfile\systemDictionary.cpp,
Event: 10.697 Thread 0x0000029d97a97000 Exception <a 'java/lang/ClassNotFoundException': org/apache/commons/dbcp2/BasicDataSourceCustomizer> (0x000000077aae1028) thrown at [C:\jenkins\workspace\8-2-build-windows-x64-cygwin-sans-NAS\jdk8u411\893\hotspot\src\share\vm\classfile\systemDictionary.cp
Event: 10.707 Thread 0x0000029d97a97000 Exception <a 'java/lang/ClassNotFoundException': javax/sql/DataSourceCustomizer> (0x000000077ac54f88) thrown at [C:\jenkins\workspace\8-2-build-windows-x64-cygwin-sans-NAS\jdk8u411\893\hotspot\src\share\vm\classfile\systemDictionary.cpp, line 213]
Event: 10.709 Thread 0x0000029d97a97000 Exception <a 'java/lang/ClassNotFoundException': org/apache/commons/dbcp2/BasicDataSourceMXBeanCustomizer> (0x000000077aca5358) thrown at [C:\jenkins\workspace\8-2-build-windows-x64-cygwin-sans-NAS\jdk8u411\893\hotspot\src\share\vm\classfile\systemDiction
Event: 10.710 Thread 0x0000029d97a97000 Exception <a 'java/lang/ClassNotFoundException': javax/management/MBeanRegistrationCustomizer> (0x000000077acca280) thrown at [C:\jenkins\workspace\8-2-build-windows-x64-cygwin-sans-NAS\jdk8u411\893\hotspot\src\share\vm\classfile\systemDictionary.cpp, lin
Event: 10.711 Thread 0x0000029d97a97000 Exception <a 'java/lang/ClassNotFoundException': java/lang/AutoCloseableCustomizer> (0x000000077ace8d10) thrown at [C:\jenkins\workspace\8-2-build-windows-x64-cygwin-sans-NAS\jdk8u411\893\hotspot\src\share\vm\classfile\systemDictionary.cpp, line 213]
Event: 11.190 Thread 0x0000029d97a97000 Exception <a 'java/io/FileNotFoundException'> (0x000000077e82e9e0) thrown at [C:\jenkins\workspace\8-2-build-windows-x64-cygwin-sans-NAS\jdk8u411\893\hotspot\src\share\vm\prims\jni.cpp, line 710]
Event: 11.198 Thread 0x0000029d97a97000 Implicit null exception at 0x0000029d80c2a27c to 0x0000029d80c2c27d
Event: 11.198 Thread 0x0000029d97a97000 Implicit null exception at 0x0000029d805b6890 to 0x0000029d805b6c89

Events (10 events):
Event: 12.817 Thread 0x0000029d99f5f800 DEOPT PACKING pc=0x0000029d8107c4ac sp=0x000000a325dff100
Event: 12.817 Thread 0x0000029d99f5f800 DEOPT UNPACKING pc=0x0000029d800458c3 sp=0x000000a325dff060 mode 2
Event: 21.241 Thread 0x0000029d97a97000 Thread exited: 0x0000029d97a97000
Event: 21.241 Thread 0x0000029d97a94000 Thread exited: 0x0000029d97a94000
Event: 21.242 Executing VM operation: RevokeBias
Event: 21.242 Executing VM operation: RevokeBias done
Event: 21.242 Executing VM operation: RevokeBias
Event: 21.242 Executing VM operation: RevokeBias done
Event: 21.242 loading class org/apache/catalina/startup/HostConfig$DeployedApplication
Event: 21.242 loading class org/apache/catalina/startup/HostConfig$DeployedApplication done


Dynamic libraries:
0x00007ff68a850000 - 0x00007ff68a89a000 	C:\Program Files\Java\jre-1.8\bin\javaw.exe
0x00007ffa90c40000 - 0x00007ffa90ea7000 	C:\WINDOWS\SYSTEM32\ntdll.dll
0x00007ffa8f560000 - 0x00007ffa8f629000 	C:\WINDOWS\System32\KERNEL32.DLL
0x00007ffa8e5c0000 - 0x00007ffa8e9b7000 	C:\WINDOWS\System32\KERNELBASE.dll
0x00007ffa8ef40000 - 0x00007ffa8eff6000 	C:\WINDOWS\System32\ADVAPI32.dll
0x00007ffa8ff40000 - 0x00007ffa8ffe9000 	C:\WINDOWS\System32\msvcrt.dll
0x00007ffa8fe90000 - 0x00007ffa8ff37000 	C:\WINDOWS\System32\sechost.dll
0x00007ffa900b0000 - 0x00007ffa901c8000 	C:\WINDOWS\System32\RPCRT4.dll
0x00007ffa90850000 - 0x00007ffa90a16000 	C:\WINDOWS\System32\USER32.dll
0x00007ffa8dd20000 - 0x00007ffa8dd47000 	C:\WINDOWS\System32\win32u.dll
0x00007ffa8f000000 - 0x00007ffa8f02b000 	C:\WINDOWS\System32\GDI32.dll
0x00007ffa8dbf0000 - 0x00007ffa8dd1c000 	C:\WINDOWS\System32\gdi32full.dll
0x00007ffa8d670000 - 0x00007ffa8d713000 	C:\WINDOWS\System32\msvcp_win.dll
0x00007ffa8daa0000 - 0x00007ffa8dbeb000 	C:\WINDOWS\System32\ucrtbase.dll
0x00007ffa73b70000 - 0x00007ffa73e02000 	C:\WINDOWS\WinSxS\amd64_microsoft.windows.common-controls_6595b64144ccf1df_6.0.26100.8457_none_3e0b2faee331e92d\COMCTL32.dll
0x00007ffa8e9c0000 - 0x00007ffa8e9f2000 	C:\WINDOWS\System32\IMM32.DLL
0x00007ffa76370000 - 0x00007ffa7638b000 	C:\Program Files\Java\jre-1.8\bin\vcruntime140.dll
0x00007ffa86640000 - 0x00007ffa8664c000 	C:\Program Files\Java\jre-1.8\bin\vcruntime140_1.dll
0x00007ffa6e5a0000 - 0x00007ffa6e62e000 	C:\Program Files\Java\jre-1.8\bin\msvcp140.dll
0x00007ff9ae0f0000 - 0x00007ff9ae9a1000 	C:\Program Files\Java\jre-1.8\bin\server\jvm.dll
0x00007ffa8eaa0000 - 0x00007ffa8eaa8000 	C:\WINDOWS\System32\PSAPI.DLL
0x00007ffa798c0000 - 0x00007ffa798cb000 	C:\WINDOWS\SYSTEM32\VERSION.dll
0x00007ffa82bf0000 - 0x00007ffa82c26000 	C:\WINDOWS\SYSTEM32\WINMM.dll
0x00007ffa5b650000 - 0x00007ffa5b65a000 	C:\WINDOWS\SYSTEM32\WSOCK32.dll
0x00007ffa8f470000 - 0x00007ffa8f4f0000 	C:\WINDOWS\System32\WS2_32.dll
0x00007ffa8c400000 - 0x00007ffa8c41b000 	C:\WINDOWS\SYSTEM32\kernel.appcore.dll
0x00007ffa5e600000 - 0x00007ffa5e610000 	C:\Program Files\Java\jre-1.8\bin\verify.dll
0x00007ffa55e50000 - 0x00007ffa55e7b000 	C:\Program Files\Java\jre-1.8\bin\java.dll
0x00007ffa55df0000 - 0x00007ffa55e08000 	C:\Program Files\Java\jre-1.8\bin\zip.dll
0x00007ffa8f630000 - 0x00007ffa8fd9e000 	C:\WINDOWS\System32\SHELL32.dll
0x00007ffa8dd50000 - 0x00007ffa8e5bc000 	C:\WINDOWS\System32\windows.storage.dll
0x00007ffa8f030000 - 0x00007ffa8f3b3000 	C:\WINDOWS\System32\combase.dll
0x00007ffa90b00000 - 0x00007ffa90bf6000 	C:\WINDOWS\System32\SHCORE.dll
0x00007ffa90a20000 - 0x00007ffa90a86000 	C:\WINDOWS\System32\shlwapi.dll
0x00007ffa8d590000 - 0x00007ffa8d5b9000 	C:\WINDOWS\SYSTEM32\profapi.dll
0x00007ffa79720000 - 0x00007ffa7972d000 	C:\Program Files\Java\jre-1.8\bin\management.dll
0x00007ffa77cf0000 - 0x00007ffa77d0c000 	C:\Program Files\Java\jre-1.8\bin\net.dll
0x00007ffa8c970000 - 0x00007ffa8c9dc000 	C:\WINDOWS\system32\mswsock.dll
0x00007ffa77bb0000 - 0x00007ffa77bc3000 	C:\Program Files\Java\jre-1.8\bin\nio.dll
0x00007ffa76390000 - 0x00007ffa763b5000 	C:\Program Files\Java\jre-1.8\bin\sunec.dll
0x00007ffa79690000 - 0x00007ffa7969e000 	C:\Program Files\Java\jre-1.8\bin\sunmscapi.dll
0x00007ffa8d920000 - 0x00007ffa8da98000 	C:\WINDOWS\System32\CRYPT32.dll
0x00007ffa8ce70000 - 0x00007ffa8cea0000 	C:\WINDOWS\SYSTEM32\ncrypt.dll
0x00007ffa8ce20000 - 0x00007ffa8ce5f000 	C:\WINDOWS\SYSTEM32\NTASN1.dll
0x00007ffa6afa0000 - 0x00007ffa6afb8000 	C:\WINDOWS\system32\napinsp.dll
0x00007ffa8bec0000 - 0x00007ffa8bff2000 	C:\WINDOWS\SYSTEM32\DNSAPI.dll
0x00007ffa8be80000 - 0x00007ffa8beb2000 	C:\WINDOWS\SYSTEM32\IPHLPAPI.DLL
0x00007ffa8ea90000 - 0x00007ffa8ea9a000 	C:\WINDOWS\System32\NSI.dll
0x00007ffa6af80000 - 0x00007ffa6af93000 	C:\WINDOWS\System32\winrnr.dll
0x00007ffa6af50000 - 0x00007ffa6af72000 	C:\WINDOWS\system32\nlansp_c.dll
0x00007ffa6af30000 - 0x00007ffa6af46000 	C:\WINDOWS\system32\wshbth.dll
0x00007ffa81f00000 - 0x00007ffa81f0b000 	C:\Windows\System32\rasadhlp.dll
0x00007ffa85650000 - 0x00007ffa856d6000 	C:\WINDOWS\System32\fwpuclnt.dll
0x00007ffa85020000 - 0x00007ffa8503d000 	C:\WINDOWS\SYSTEM32\dhcpcsvc6.DLL
0x00007ffa84ff0000 - 0x00007ffa85015000 	C:\WINDOWS\SYSTEM32\dhcpcsvc.DLL
0x00007ffa8cc50000 - 0x00007ffa8cc6b000 	C:\WINDOWS\SYSTEM32\CRYPTSP.dll
0x00007ffa8c360000 - 0x00007ffa8c399000 	C:\WINDOWS\system32\rsaenh.dll
0x00007ffa8ca20000 - 0x00007ffa8ca53000 	C:\WINDOWS\SYSTEM32\USERENV.dll
0x00007ffa8d560000 - 0x00007ffa8d58a000 	C:\WINDOWS\SYSTEM32\bcrypt.dll
0x00007ffa8d870000 - 0x00007ffa8d918000 	C:\WINDOWS\System32\bcryptprimitives.dll
0x00007ffa8cc70000 - 0x00007ffa8cc7c000 	C:\WINDOWS\SYSTEM32\CRYPTBASE.dll
0x00007ffa8b580000 - 0x00007ffa8b7c2000 	C:\WINDOWS\SYSTEM32\dbghelp.dll
0x00007ffa8fdb0000 - 0x00007ffa8fe89000 	C:\WINDOWS\System32\OLEAUT32.dll

VM Arguments:
jvm_args: -Dcatalina.base=C:\eGovFrameDev-3.10.0-64bit\workspace\.metadata\.plugins\org.eclipse.wst.server.core\tmp0 -Dcatalina.home=C:\Was\apache-tomcat-8.5.96 -Dwtp.deploy=C:\eGovFrameDev-3.10.0-64bit\workspace\.metadata\.plugins\org.eclipse.wst.server.core\tmp0\wtpwebapps -Djava.endorsed.dirs=C:\Was\apache-tomcat-8.5.96\endorsed -Dlog.path=C:\team\eduHub\eduHub/logs -Dfile.encoding=UTF-8 
java_command: org.apache.catalina.startup.Bootstrap start
java_class_path (initial): C:\Was\apache-tomcat-8.5.96\bin\bootstrap.jar;C:\Was\apache-tomcat-8.5.96\bin\tomcat-juli.jar
Launcher Type: SUN_STANDARD

Environment Variables:
PATH=C:/Program Files/Java/jre-1.8/bin/server;C:/Program Files/Java/jre-1.8/bin;C:/Program Files/Java/jre-1.8/lib/amd64;C:\Program Files\Common Files\Oracle\Java\javapath;C:\Program Files (x86)\Common Files\Oracle\Java\java8path;C:\Program Files (x86)\Common Files\Oracle\Java\javapath;C:\WINDOWS\system32;C:\WINDOWS;C:\WINDOWS\System32\Wbem;C:\WINDOWS\System32\WindowsPowerShell\v1.0\;C:\WINDOWS\System32\OpenSSH\;C:\Program Files\Microsoft SQL Server\150\Tools\Binn\;C:\Program Files\dotnet\;C:\Program Files\nodejs\;C:\Program Files\Git\cmd;C:\Java\java-1.8.0-openjdk-1.8.0.332-1.b09.ojdkbuild.windows.x86_64\bin;C:\Program Files\Microsoft SQL Server\170\Tools\Binn\;C:\Program Files\Docker\Docker\resources\bin;C:\Program Files\Microsoft SQL Server\Client SDK\ODBC\170\Tools\Binn\;C:\Users\이근형\AppData\Local\Programs\Python\Python313\Scripts\;C:\Users\이근형\AppData\Local\Programs\Python\Python313\;C:\Users\이근형\AppData\Local\Microsoft\WindowsApps;C:\Users\이근형\AppData\Local\Programs\Microsoft VS Code\bin;C:\Program Files\Java\jdk-17\bin;C:\Program Files\JetBrains\IntelliJ IDEA Community Edition 2025.1.2\bin;;C:\Users\이근형\AppData\Roaming\npm;C:\msys64\ucrt64\bin;C:\Users\이근형\AppData\Local\GitHubDesktop\bin;C:\Users\이근형\.dotnet\tools;C:\eGovFrameDev-3.10.0-64bit\eclipse;
USERNAME=이근형
OS=Windows_NT
PROCESSOR_IDENTIFIER=Intel64 Family 6 Model 186 Stepping 2, GenuineIntel



---------------  S Y S T E M  ---------------

OS: Windows 11 , 64 bit Build 26100 (10.0.26100.8328)

CPU:total 16 (initial active 16) (8 cores per cpu, 2 threads per core) family 6 model 186 stepping 2, cmov, cx8, fxsr, mmx, sse, sse2, sse3, ssse3, sse4.1, sse4.2, popcnt, avx, avx2, aes, clmul, erms, 3dnowpref, lzcnt, ht, tsc, tscinvbit, bmi1, bmi2, adx

Memory: 4k page, physical 16452468k(1455368k free), swap 29035380k(808k free)

vm_info: Java HotSpot(TM) 64-Bit Server VM (25.411-b09) for windows-amd64 JRE (1.8.0_411-b09), built on Mar 13 2024 07:26:13 by "java_re" with MS VC++ 17.1 (VS2022)

time: Thu Jun  4 14:25:57 2026
timezone: Intel64 Family 6 Model 186 Stepping 2, GenuineIntel
elapsed time: 270.844825 seconds (0d 0h 4m 30s)

