#
# There is insufficient memory for the Java Runtime Environment to continue.
# Native memory allocation (malloc) failed to allocate 70736 bytes for Chunk::new
# Possible reasons:
#   The system is out of physical RAM or swap space
#   The process is running with CompressedOops enabled, and the Java Heap may be blocking the growth of the native heap
# Possible solutions:
#   Reduce memory load on the system
#   Increase physical memory or swap space
#   Check if swap backing store is full
#   Decrease Java heap size (-Xmx/-Xms)
#   Decrease number of Java threads
#   Decrease Java thread stack sizes (-Xss)
#   Set larger code cache with -XX:ReservedCodeCacheSize=
#   JVM is running with Zero Based Compressed Oops mode in which the Java heap is
#     placed in the first 32GB address space. The Java Heap base address is the
#     maximum limit for the native heap growth. Please use -XX:HeapBaseMinAddress
#     to set the Java Heap base and to place the Java Heap above 32GB virtual address.
# This output file may be truncated or incomplete.
#
#  Out of Memory Error (allocation.cpp:389), pid=36748, tid=0x00000000000095c4
#
# JRE version: Java(TM) SE Runtime Environment (8.0_411) (build 1.8.0_411-b09)
# Java VM: Java HotSpot(TM) 64-Bit Server VM (25.411-b09 mixed mode windows-amd64 compressed oops)
# Failed to write core dump. Minidumps are not enabled by default on client versions of Windows
#

---------------  T H R E A D  ---------------

Current thread (0x000002266ae1a000):  JavaThread "C2 CompilerThread5" daemon [_thread_in_native, id=38340, stack(0x00000057e2200000,0x00000057e2300000)]

Stack: [0x00000057e2200000,0x00000057e2300000]
Native frames: (J=compiled Java code, j=interpreted, Vv=VM code, C=native code)
V  [jvm.dll+0x3540d9]
V  [jvm.dll+0x291062]
V  [jvm.dll+0x291c2d]
V  [jvm.dll+0x286265]
V  [jvm.dll+0xdb87c]
V  [jvm.dll+0xdc08c]
V  [jvm.dll+0x49d9cd]
V  [jvm.dll+0x460d40]
V  [jvm.dll+0x46a29f]
V  [jvm.dll+0x469699]
V  [jvm.dll+0x4533cc]
V  [jvm.dll+0xb0626]
V  [jvm.dll+0xaecff]
V  [jvm.dll+0x252182]
V  [jvm.dll+0x2adb2c]
C  [ucrtbase.dll+0x37b0]
C  [KERNEL32.DLL+0x2e957]
C  [ntdll.dll+0x427c]


Current CompileTask:
C2:1234296 5213 %     4       sun.nio.cs.UTF_8$Decoder::decodeArrayLoop @ 73 (691 bytes)


---------------  P R O C E S S  ---------------

Java Threads: ( => current thread )
  0x000002266d22d000 JavaThread "http-nio-8081-AsyncTimeout" daemon [_thread_blocked, id=13972, stack(0x00000057e3b00000,0x00000057e3c00000)]
  0x000002266d230000 JavaThread "http-nio-8081-Acceptor" daemon [_thread_in_native, id=40040, stack(0x00000057e3a00000,0x00000057e3b00000)]
  0x000002266d22c800 JavaThread "http-nio-8081-Poller" daemon [_thread_in_native, id=2936, stack(0x00000057e3900000,0x00000057e3a00000)]
  0x000002266d22f800 JavaThread "http-nio-8081-exec-10" daemon [_thread_blocked, id=34968, stack(0x00000057e3800000,0x00000057e3900000)]
  0x000002266d22e000 JavaThread "http-nio-8081-exec-9" daemon [_thread_blocked, id=6636, stack(0x00000057e3700000,0x00000057e3800000)]
  0x000002266d22e800 JavaThread "http-nio-8081-exec-8" daemon [_thread_blocked, id=30268, stack(0x00000057e3600000,0x00000057e3700000)]
  0x000002266ae32000 JavaThread "http-nio-8081-exec-7" daemon [_thread_blocked, id=5716, stack(0x00000057e3500000,0x00000057e3600000)]
  0x000002266ae33800 JavaThread "http-nio-8081-exec-6" daemon [_thread_blocked, id=9064, stack(0x00000057e3400000,0x00000057e3500000)]
  0x000002266ed89000 JavaThread "http-nio-8081-exec-5" daemon [_thread_blocked, id=30836, stack(0x00000057e3300000,0x00000057e3400000)]
  0x00000226703ce000 JavaThread "http-nio-8081-exec-4" daemon [_thread_blocked, id=35364, stack(0x00000057e3200000,0x00000057e3300000)]
  0x000002266bf03800 JavaThread "http-nio-8081-exec-3" daemon [_thread_blocked, id=40320, stack(0x00000057e3100000,0x00000057e3200000)]
  0x000002266dc22000 JavaThread "http-nio-8081-exec-2" daemon [_thread_blocked, id=4128, stack(0x00000057e3000000,0x00000057e3100000)]
  0x000002266fbdf000 JavaThread "http-nio-8081-exec-1" daemon [_thread_blocked, id=22004, stack(0x00000057e2f00000,0x00000057e3000000)]
  0x000002266c90c000 JavaThread "ContainerBackgroundProcessor[StandardEngine[Catalina]]" daemon [_thread_in_native, id=35992, stack(0x00000057e2e00000,0x00000057e2f00000)]
  0x000002266bbeb000 JavaThread "GC Daemon" daemon [_thread_blocked, id=41528, stack(0x00000057e2b00000,0x00000057e2c00000)]
  0x000002266aee7800 JavaThread "Service Thread" daemon [_thread_blocked, id=2552, stack(0x00000057e2900000,0x00000057e2a00000)]
  0x000002266ae2e000 JavaThread "C1 CompilerThread11" daemon [_thread_blocked, id=21380, stack(0x00000057e2800000,0x00000057e2900000)]
  0x000002266ae30800 JavaThread "C1 CompilerThread10" daemon [_thread_blocked, id=14632, stack(0x00000057e2700000,0x00000057e2800000)]
  0x000002266ae2f800 JavaThread "C1 CompilerThread9" daemon [_thread_blocked, id=15540, stack(0x00000057e2600000,0x00000057e2700000)]
  0x000002266ae2f000 JavaThread "C1 CompilerThread8" daemon [_thread_blocked, id=33928, stack(0x00000057e2500000,0x00000057e2600000)]
  0x000002266ae2d800 JavaThread "C2 CompilerThread7" daemon [_thread_in_native, id=11072, stack(0x00000057e2400000,0x00000057e2500000)]
  0x000002266ae2c800 JavaThread "C2 CompilerThread6" daemon [_thread_in_native, id=18940, stack(0x00000057e2300000,0x00000057e2400000)]
=>0x000002266ae1a000 JavaThread "C2 CompilerThread5" daemon [_thread_in_native, id=38340, stack(0x00000057e2200000,0x00000057e2300000)]
  0x000002266adec000 JavaThread "C2 CompilerThread4" daemon [_thread_in_native, id=31152, stack(0x00000057e2100000,0x00000057e2200000)]
  0x000002266add7800 JavaThread "C2 CompilerThread3" daemon [_thread_in_native, id=25176, stack(0x00000057e2000000,0x00000057e2100000)]
  0x000002266add6800 JavaThread "C2 CompilerThread2" daemon [_thread_in_native, id=38600, stack(0x00000057e1f00000,0x00000057e2000000)]
  0x000002266add0800 JavaThread "C2 CompilerThread1" daemon [_thread_blocked, id=36708, stack(0x00000057e1e00000,0x00000057e1f00000)]
  0x000002266adce800 JavaThread "C2 CompilerThread0" daemon [_thread_blocked, id=41108, stack(0x00000057e1d00000,0x00000057e1e00000)]
  0x000002266adce000 JavaThread "Attach Listener" daemon [_thread_blocked, id=27476, stack(0x00000057e1c00000,0x00000057e1d00000)]
  0x000002266adcb000 JavaThread "Signal Dispatcher" daemon [_thread_blocked, id=31424, stack(0x00000057e1b00000,0x00000057e1c00000)]
  0x0000022668079800 JavaThread "Finalizer" daemon [_thread_blocked, id=13940, stack(0x00000057e1a00000,0x00000057e1b00000)]
  0x0000022668073000 JavaThread "Reference Handler" daemon [_thread_blocked, id=5824, stack(0x00000057e1900000,0x00000057e1a00000)]
  0x000002264d4cb000 JavaThread "main" [_thread_in_native, id=31580, stack(0x00000057e0a00000,0x00000057e0b00000)]

Other Threads:
  0x000002266806b000 VMThread [stack: 0x00000057e1800000,0x00000057e1900000] [id=3724]
  0x000002266aeee000 WatcherThread [stack: 0x00000057e2a00000,0x00000057e2b00000] [id=39320]

VM state:not at safepoint (normal execution)

VM Mutex/Monitor currently owned by a thread: None

heap address: 0x00000006c4e00000, size: 4018 MB, Compressed Oops mode: Zero based, Oop shift amount: 3
Narrow klass base: 0x0000000000000000, Narrow klass shift: 3
Compressed class space size: 1073741824 Address: 0x00000007c0000000

Heap:
 PSYoungGen      total 39424K, used 37472K [0x000000076c500000, 0x000000077f400000, 0x00000007c0000000)
  eden space 38912K, 95% used [0x000000076c500000,0x000000076e958168,0x000000076eb00000)
  from space 512K, 50% used [0x000000077f380000,0x000000077f3c0000,0x000000077f400000)
  to   space 512K, 0% used [0x000000077f300000,0x000000077f300000,0x000000077f380000)
 ParOldGen       total 143360K, used 22605K [0x00000006c4e00000, 0x00000006cda00000, 0x000000076c500000)
  object space 143360K, 15% used [0x00000006c4e00000,0x00000006c64134d0,0x00000006cda00000)
 Metaspace       used 39876K, capacity 40606K, committed 40880K, reserved 1087488K
  class space    used 4784K, capacity 5005K, committed 5040K, reserved 1048576K

Card table byte_map: [0x000002265e300000,0x000002265eae0000] byte_map_base: 0x000002265acd9000

Marking Bits: (ParMarkBitMap*) 0x00007ffe1a9970d0
 Begin Bits: [0x000002265f020000, 0x0000022662ee8000)
 End Bits:   [0x0000022662ee8000, 0x0000022666db0000)

Polling page: 0x000002264d690000

CodeCache: size=245760Kb used=17155Kb max_used=17592Kb free=228604Kb
 bounds [0x000002264ef40000, 0x00000226500d0000, 0x000002265df40000]
 total_blobs=4784 nmethods=4262 adapters=431
 compilation: enabled

Compilation events (10 events):
Event: 1216.982 Thread 0x000002266ae2f000 5211       1       org.apache.tomcat.util.descriptor.web.WebXml::getBeforeOrdering (5 bytes)
Event: 1216.982 Thread 0x000002266ae30800 5209       1       org.apache.tomcat.util.scan.StandardJarScanner$ClassPathEntry::isJar (5 bytes)
Event: 1216.982 Thread 0x000002266ae2f000 nmethod 5211 0x000002264f457690 code [0x000002264f4577e0, 0x000002264f4578f8]
Event: 1216.982 Thread 0x000002266ae2e000 5210       1       org.apache.tomcat.util.scan.StandardJarScanner$ClassPathEntry::getName (5 bytes)
Event: 1216.982 Thread 0x000002266ae2f800 nmethod 5208 0x000002264f30d050 code [0x000002264f30d3a0, 0x000002264f30eea0]
Event: 1216.982 Thread 0x000002266ae2e000 nmethod 5210 0x000002264f4573d0 code [0x000002264f457520, 0x000002264f457638]
Event: 1216.982 Thread 0x000002266ae30800 nmethod 5209 0x000002264f30cd90 code [0x000002264f30cee0, 0x000002264f30cff8]
Event: 1216.985 Thread 0x000002266adce800 5212       4       java.nio.Buffer::flip (20 bytes)
Event: 1216.985 Thread 0x000002266adce800 nmethod 5212 0x000002264f57ea50 code [0x000002264f57eb80, 0x000002264f57ebf8]
Event: 1216.985 Thread 0x000002266ae1a000 5213 %     4       sun.nio.cs.UTF_8$Decoder::decodeArrayLoop @ 73 (691 bytes)

GC Heap History (10 events):
Event: 1199.019 GC heap before
{Heap before GC invocations=224 (full 2):
 PSYoungGen      total 39424K, used 39168K [0x000000076c500000, 0x000000077f400000, 0x00000007c0000000)
  eden space 38912K, 100% used [0x000000076c500000,0x000000076eb00000,0x000000076eb00000)
  from space 512K, 50% used [0x000000077f300000,0x000000077f340000,0x000000077f380000)
  to   space 512K, 0% used [0x000000077f380000,0x000000077f380000,0x000000077f400000)
 ParOldGen       total 143360K, used 22597K [0x00000006c4e00000, 0x00000006cda00000, 0x000000076c500000)
  object space 143360K, 15% used [0x00000006c4e00000,0x00000006c64114d0,0x00000006cda00000)
 Metaspace       used 39753K, capacity 40524K, committed 40624K, reserved 1085440K
  class space    used 4772K, capacity 5001K, committed 5040K, reserved 1048576K
Event: 1199.021 GC heap after
Heap after GC invocations=224 (full 2):
 PSYoungGen      total 39424K, used 288K [0x000000076c500000, 0x000000077f400000, 0x00000007c0000000)
  eden space 38912K, 0% used [0x000000076c500000,0x000000076c500000,0x000000076eb00000)
  from space 512K, 56% used [0x000000077f380000,0x000000077f3c8000,0x000000077f400000)
  to   space 512K, 0% used [0x000000077f300000,0x000000077f300000,0x000000077f380000)
 ParOldGen       total 143360K, used 22597K [0x00000006c4e00000, 0x00000006cda00000, 0x000000076c500000)
  object space 143360K, 15% used [0x00000006c4e00000,0x00000006c64114d0,0x00000006cda00000)
 Metaspace       used 39753K, capacity 40524K, committed 40624K, reserved 1085440K
  class space    used 4772K, capacity 5001K, committed 5040K, reserved 1048576K
}
Event: 1199.619 GC heap before
{Heap before GC invocations=225 (full 2):
 PSYoungGen      total 39424K, used 39200K [0x000000076c500000, 0x000000077f400000, 0x00000007c0000000)
  eden space 38912K, 100% used [0x000000076c500000,0x000000076eb00000,0x000000076eb00000)
  from space 512K, 56% used [0x000000077f380000,0x000000077f3c8000,0x000000077f400000)
  to   space 512K, 0% used [0x000000077f300000,0x000000077f300000,0x000000077f380000)
 ParOldGen       total 143360K, used 22597K [0x00000006c4e00000, 0x00000006cda00000, 0x000000076c500000)
  object space 143360K, 15% used [0x00000006c4e00000,0x00000006c64114d0,0x00000006cda00000)
 Metaspace       used 39753K, capacity 40524K, committed 40624K, reserved 1085440K
  class space    used 4772K, capacity 5001K, committed 5040K, reserved 1048576K
Event: 1199.620 GC heap after
Heap after GC invocations=225 (full 2):
 PSYoungGen      total 39424K, used 256K [0x000000076c500000, 0x000000077f400000, 0x00000007c0000000)
  eden space 38912K, 0% used [0x000000076c500000,0x000000076c500000,0x000000076eb00000)
  from space 512K, 50% used [0x000000077f300000,0x000000077f340000,0x000000077f380000)
  to   space 512K, 0% used [0x000000077f380000,0x000000077f380000,0x000000077f400000)
 ParOldGen       total 143360K, used 22605K [0x00000006c4e00000, 0x00000006cda00000, 0x000000076c500000)
  object space 143360K, 15% used [0x00000006c4e00000,0x00000006c64134d0,0x00000006cda00000)
 Metaspace       used 39753K, capacity 40524K, committed 40624K, reserved 1085440K
  class space    used 4772K, capacity 5001K, committed 5040K, reserved 1048576K
}
Event: 1210.238 GC heap before
{Heap before GC invocations=226 (full 2):
 PSYoungGen      total 39424K, used 39168K [0x000000076c500000, 0x000000077f400000, 0x00000007c0000000)
  eden space 38912K, 100% used [0x000000076c500000,0x000000076eb00000,0x000000076eb00000)
  from space 512K, 50% used [0x000000077f300000,0x000000077f340000,0x000000077f380000)
  to   space 512K, 0% used [0x000000077f380000,0x000000077f380000,0x000000077f400000)
 ParOldGen       total 143360K, used 22605K [0x00000006c4e00000, 0x00000006cda00000, 0x000000076c500000)
  object space 143360K, 15% used [0x00000006c4e00000,0x00000006c64134d0,0x00000006cda00000)
 Metaspace       used 39753K, capacity 40524K, committed 40624K, reserved 1085440K
  class space    used 4772K, capacity 5001K, committed 5040K, reserved 1048576K
Event: 1210.239 GC heap after
Heap after GC invocations=226 (full 2):
 PSYoungGen      total 39424K, used 288K [0x000000076c500000, 0x000000077f400000, 0x00000007c0000000)
  eden space 38912K, 0% used [0x000000076c500000,0x000000076c500000,0x000000076eb00000)
  from space 512K, 56% used [0x000000077f380000,0x000000077f3c8000,0x000000077f400000)
  to   space 512K, 0% used [0x000000077f300000,0x000000077f300000,0x000000077f380000)
 ParOldGen       total 143360K, used 22605K [0x00000006c4e00000, 0x00000006cda00000, 0x000000076c500000)
  object space 143360K, 15% used [0x00000006c4e00000,0x00000006c64134d0,0x00000006cda00000)
 Metaspace       used 39753K, capacity 40524K, committed 40624K, reserved 1085440K
  class space    used 4772K, capacity 5001K, committed 5040K, reserved 1048576K
}
Event: 1210.846 GC heap before
{Heap before GC invocations=227 (full 2):
 PSYoungGen      total 39424K, used 39200K [0x000000076c500000, 0x000000077f400000, 0x00000007c0000000)
  eden space 38912K, 100% used [0x000000076c500000,0x000000076eb00000,0x000000076eb00000)
  from space 512K, 56% used [0x000000077f380000,0x000000077f3c8000,0x000000077f400000)
  to   space 512K, 0% used [0x000000077f300000,0x000000077f300000,0x000000077f380000)
 ParOldGen       total 143360K, used 22605K [0x00000006c4e00000, 0x00000006cda00000, 0x000000076c500000)
  object space 143360K, 15% used [0x00000006c4e00000,0x00000006c64134d0,0x00000006cda00000)
 Metaspace       used 39753K, capacity 40524K, committed 40624K, reserved 1085440K
  class space    used 4772K, capacity 5001K, committed 5040K, reserved 1048576K
Event: 1210.847 GC heap after
Heap after GC invocations=227 (full 2):
 PSYoungGen      total 39424K, used 288K [0x000000076c500000, 0x000000077f400000, 0x00000007c0000000)
  eden space 38912K, 0% used [0x000000076c500000,0x000000076c500000,0x000000076eb00000)
  from space 512K, 56% used [0x000000077f300000,0x000000077f348000,0x000000077f380000)
  to   space 512K, 0% used [0x000000077f380000,0x000000077f380000,0x000000077f400000)
 ParOldGen       total 143360K, used 22605K [0x00000006c4e00000, 0x00000006cda00000, 0x000000076c500000)
  object space 143360K, 15% used [0x00000006c4e00000,0x00000006c64134d0,0x00000006cda00000)
 Metaspace       used 39753K, capacity 40524K, committed 40624K, reserved 1085440K
  class space    used 4772K, capacity 5001K, committed 5040K, reserved 1048576K
}
Event: 1211.418 GC heap before
{Heap before GC invocations=228 (full 2):
 PSYoungGen      total 39424K, used 39200K [0x000000076c500000, 0x000000077f400000, 0x00000007c0000000)
  eden space 38912K, 100% used [0x000000076c500000,0x000000076eb00000,0x000000076eb00000)
  from space 512K, 56% used [0x000000077f300000,0x000000077f348000,0x000000077f380000)
  to   space 512K, 0% used [0x000000077f380000,0x000000077f380000,0x000000077f400000)
 ParOldGen       total 143360K, used 22605K [0x00000006c4e00000, 0x00000006cda00000, 0x000000076c500000)
  object space 143360K, 15% used [0x00000006c4e00000,0x00000006c64134d0,0x00000006cda00000)
 Metaspace       used 39753K, capacity 40524K, committed 40624K, reserved 1085440K
  class space    used 4772K, capacity 5001K, committed 5040K, reserved 1048576K
Event: 1211.419 GC heap after
Heap after GC invocations=228 (full 2):
 PSYoungGen      total 39424K, used 256K [0x000000076c500000, 0x000000077f400000, 0x00000007c0000000)
  eden space 38912K, 0% used [0x000000076c500000,0x000000076c500000,0x000000076eb00000)
  from space 512K, 50% used [0x000000077f380000,0x000000077f3c0000,0x000000077f400000)
  to   space 512K, 0% used [0x000000077f300000,0x000000077f300000,0x000000077f380000)
 ParOldGen       total 143360K, used 22605K [0x00000006c4e00000, 0x00000006cda00000, 0x000000076c500000)
  object space 143360K, 15% used [0x00000006c4e00000,0x00000006c64134d0,0x00000006cda00000)
 Metaspace       used 39753K, capacity 40524K, committed 40624K, reserved 1085440K
  class space    used 4772K, capacity 5001K, committed 5040K, reserved 1048576K
}

Deoptimization events (10 events):
Event: 758.103 Thread 0x000002266bf03800 Uncommon trap: reason=bimorphic action=maybe_recompile pc=0x000002264f60c048 method=java.util.AbstractList$Itr.next()Ljava/lang/Object; @ 14
Event: 799.031 Thread 0x000002266ed89000 Uncommon trap: reason=bimorphic action=maybe_recompile pc=0x000002264f571888 method=java.nio.charset.CharsetDecoder.reset()Ljava/nio/charset/CharsetDecoder; @ 1
Event: 799.033 Thread 0x000002266ed89000 Uncommon trap: reason=bimorphic action=maybe_recompile pc=0x000002264fecc5dc method=java.util.regex.Pattern$Curly.match(Ljava/util/regex/Matcher;ILjava/lang/CharSequence;)Z @ 19
Event: 1211.694 Thread 0x000002266c90c000 Uncommon trap: reason=unstable_if action=reinterpret pc=0x000002264f7bf5d4 method=org.apache.catalina.webresources.AbstractFileResourceSet.file(Ljava/lang/String;Z)Ljava/io/File; @ 102
Event: 1211.729 Thread 0x000002266c90c000 Uncommon trap: reason=unstable_if action=reinterpret pc=0x000002264f540778 method=org.apache.catalina.loader.WebappClassLoaderBase.modified()Z @ 97
Event: 1216.824 Thread 0x000002266c90c000 Uncommon trap: reason=unstable_if action=reinterpret pc=0x000002264fc90130 method=java.lang.Thread.getContextClassLoader()Ljava/lang/ClassLoader; @ 4
Event: 1216.898 Thread 0x000002266c90c000 Uncommon trap: reason=unstable_if action=reinterpret pc=0x000002264f9f4054 method=org.apache.catalina.webresources.AbstractSingleArchiveResourceSet.isMultiRelease()Z @ 4
Event: 1216.899 Thread 0x000002266c90c000 Uncommon trap: reason=unstable_if action=reinterpret pc=0x000002264f564a5c method=org.apache.catalina.webresources.AbstractSingleArchiveResourceSet.isMultiRelease()Z @ 4
Event: 1216.981 Thread 0x000002266c90c000 Uncommon trap: reason=class_check action=maybe_recompile pc=0x000002264f3c051c method=org.apache.catalina.webresources.StandardRoot.getResourceInternal(Ljava/lang/String;Z)Lorg/apache/catalina/WebResource; @ 78
Event: 1217.016 Thread 0x000002266c90c000 Uncommon trap: reason=class_check action=maybe_recompile pc=0x000002264f3c051c method=org.apache.catalina.webresources.StandardRoot.getResourceInternal(Ljava/lang/String;Z)Lorg/apache/catalina/WebResource; @ 78

Classes redefined (0 events):
No events

Internal exceptions (10 events):
Event: 1211.715 Thread 0x000002266c90c000 Exception <a 'java/io/IOException'> (0x000000076d8a9b08) thrown at [C:\jenkins\workspace\8-2-build-windows-x64-cygwin-sans-NAS\jdk8u411\893\hotspot\src\share\vm\prims\jni.cpp, line 710]
Event: 1211.715 Thread 0x000002266c90c000 Exception <a 'java/io/IOException'> (0x000000076d8be5e8) thrown at [C:\jenkins\workspace\8-2-build-windows-x64-cygwin-sans-NAS\jdk8u411\893\hotspot\src\share\vm\prims\jni.cpp, line 710]
Event: 1211.715 Thread 0x000002266c90c000 Exception <a 'java/io/IOException'> (0x000000076d8c8f68) thrown at [C:\jenkins\workspace\8-2-build-windows-x64-cygwin-sans-NAS\jdk8u411\893\hotspot\src\share\vm\prims\jni.cpp, line 710]
Event: 1211.715 Thread 0x000002266c90c000 Exception <a 'java/io/IOException'> (0x000000076d8d8b10) thrown at [C:\jenkins\workspace\8-2-build-windows-x64-cygwin-sans-NAS\jdk8u411\893\hotspot\src\share\vm\prims\jni.cpp, line 710]
Event: 1211.716 Thread 0x000002266c90c000 Exception <a 'java/io/IOException'> (0x000000076d8ea9c8) thrown at [C:\jenkins\workspace\8-2-build-windows-x64-cygwin-sans-NAS\jdk8u411\893\hotspot\src\share\vm\prims\jni.cpp, line 710]
Event: 1211.723 Thread 0x000002266c90c000 Exception <a 'java/io/IOException'> (0x000000076d981410) thrown at [C:\jenkins\workspace\8-2-build-windows-x64-cygwin-sans-NAS\jdk8u411\893\hotspot\src\share\vm\prims\jni.cpp, line 710]
Event: 1211.723 Thread 0x000002266c90c000 Exception <a 'java/io/IOException'> (0x000000076d992b60) thrown at [C:\jenkins\workspace\8-2-build-windows-x64-cygwin-sans-NAS\jdk8u411\893\hotspot\src\share\vm\prims\jni.cpp, line 710]
Event: 1211.723 Thread 0x000002266c90c000 Exception <a 'java/io/IOException'> (0x000000076d9aacc0) thrown at [C:\jenkins\workspace\8-2-build-windows-x64-cygwin-sans-NAS\jdk8u411\893\hotspot\src\share\vm\prims\jni.cpp, line 710]
Event: 1211.729 Thread 0x000002266c90c000 Exception <a 'java/io/IOException'> (0x000000076da2dc58) thrown at [C:\jenkins\workspace\8-2-build-windows-x64-cygwin-sans-NAS\jdk8u411\893\hotspot\src\share\vm\prims\jni.cpp, line 710]
Event: 1217.016 Thread 0x000002266c90c000 Exception <a 'java/io/IOException'> (0x000000076e0d00c8) thrown at [C:\jenkins\workspace\8-2-build-windows-x64-cygwin-sans-NAS\jdk8u411\893\hotspot\src\share\vm\prims\jni.cpp, line 710]

Events (10 events):
Event: 1216.898 Thread 0x000002266c90c000 DEOPT UNPACKING pc=0x000002264ef858c3 sp=0x00000057e2efe890 mode 2
Event: 1216.899 Thread 0x000002266c90c000 Uncommon trap: trap_request=0xffffff65 fr.pc=0x000002264f564a5c
Event: 1216.899 Thread 0x000002266c90c000 DEOPT PACKING pc=0x000002264f564a5c sp=0x00000057e2efe910
Event: 1216.899 Thread 0x000002266c90c000 DEOPT UNPACKING pc=0x000002264ef858c3 sp=0x00000057e2efe890 mode 2
Event: 1216.981 Thread 0x000002266c90c000 Uncommon trap: trap_request=0xffffffde fr.pc=0x000002264f3c051c
Event: 1216.981 Thread 0x000002266c90c000 DEOPT PACKING pc=0x000002264f3c051c sp=0x00000057e2efe5f0
Event: 1216.981 Thread 0x000002266c90c000 DEOPT UNPACKING pc=0x000002264ef858c3 sp=0x00000057e2efe600 mode 2
Event: 1217.016 Thread 0x000002266c90c000 Uncommon trap: trap_request=0xffffffde fr.pc=0x000002264f3c051c
Event: 1217.016 Thread 0x000002266c90c000 DEOPT PACKING pc=0x000002264f3c051c sp=0x00000057e2efe400
Event: 1217.016 Thread 0x000002266c90c000 DEOPT UNPACKING pc=0x000002264ef858c3 sp=0x00000057e2efe410 mode 2


Dynamic libraries:
0x00007ff7bbdb0000 - 0x00007ff7bbdfa000 	C:\Program Files\Java\jre-1.8\bin\javaw.exe
0x00007ffef19c0000 - 0x00007ffef1c27000 	C:\WINDOWS\SYSTEM32\ntdll.dll
0x00007ffef01f0000 - 0x00007ffef02b9000 	C:\WINDOWS\System32\KERNEL32.DLL
0x00007ffeee550000 - 0x00007ffeee947000 	C:\WINDOWS\System32\KERNELBASE.dll
0x00007ffeeff50000 - 0x00007ffef0006000 	C:\WINDOWS\System32\ADVAPI32.dll
0x00007ffef1840000 - 0x00007ffef18e9000 	C:\WINDOWS\System32\msvcrt.dll
0x00007ffeef8f0000 - 0x00007ffeef997000 	C:\WINDOWS\System32\sechost.dll
0x00007ffeefbc0000 - 0x00007ffeefcd8000 	C:\WINDOWS\System32\RPCRT4.dll
0x00007ffef1000000 - 0x00007ffef11c6000 	C:\WINDOWS\System32\USER32.dll
0x00007ffeef3b0000 - 0x00007ffeef3d7000 	C:\WINDOWS\System32\win32u.dll
0x00007ffef11d0000 - 0x00007ffef11fb000 	C:\WINDOWS\System32\GDI32.dll
0x00007ffeef280000 - 0x00007ffeef3ac000 	C:\WINDOWS\System32\gdi32full.dll
0x00007ffeee3f0000 - 0x00007ffeee493000 	C:\WINDOWS\System32\msvcp_win.dll
0x00007ffeef5f0000 - 0x00007ffeef73b000 	C:\WINDOWS\System32\ucrtbase.dll
0x00007ffed2b70000 - 0x00007ffed2e02000 	C:\WINDOWS\WinSxS\amd64_microsoft.windows.common-controls_6595b64144ccf1df_6.0.26100.8457_none_3e0b2faee331e92d\COMCTL32.dll
0x00007ffef0f40000 - 0x00007ffef0f72000 	C:\WINDOWS\System32\IMM32.DLL
0x00007ffecc3a0000 - 0x00007ffecc3bb000 	C:\Program Files\Java\jre-1.8\bin\vcruntime140.dll
0x00007ffee6e90000 - 0x00007ffee6e9c000 	C:\Program Files\Java\jre-1.8\bin\vcruntime140_1.dll
0x00007ffeb9300000 - 0x00007ffeb938e000 	C:\Program Files\Java\jre-1.8\bin\msvcp140.dll
0x00007ffe1a160000 - 0x00007ffe1aa11000 	C:\Program Files\Java\jre-1.8\bin\server\jvm.dll
0x00007ffef1970000 - 0x00007ffef1978000 	C:\WINDOWS\System32\PSAPI.DLL
0x00007ffed30c0000 - 0x00007ffed30ca000 	C:\WINDOWS\SYSTEM32\WSOCK32.dll
0x00007ffee2b60000 - 0x00007ffee2b96000 	C:\WINDOWS\SYSTEM32\WINMM.dll
0x00007ffedb0d0000 - 0x00007ffedb0db000 	C:\WINDOWS\SYSTEM32\VERSION.dll
0x00007ffef0dd0000 - 0x00007ffef0e50000 	C:\WINDOWS\System32\WS2_32.dll
0x00007ffeed180000 - 0x00007ffeed19b000 	C:\WINDOWS\SYSTEM32\kernel.appcore.dll
0x00007ffee6fb0000 - 0x00007ffee6fc0000 	C:\Program Files\Java\jre-1.8\bin\verify.dll
0x00007ffee6f80000 - 0x00007ffee6fab000 	C:\Program Files\Java\jre-1.8\bin\java.dll
0x00007ffee6f60000 - 0x00007ffee6f78000 	C:\Program Files\Java\jre-1.8\bin\zip.dll
0x00007ffef0650000 - 0x00007ffef0dbe000 	C:\WINDOWS\System32\SHELL32.dll
0x00007ffeee950000 - 0x00007ffeef1bc000 	C:\WINDOWS\System32\windows.storage.dll
0x00007ffef02c0000 - 0x00007ffef0643000 	C:\WINDOWS\System32\combase.dll
0x00007ffeefd40000 - 0x00007ffeefe36000 	C:\WINDOWS\System32\SHCORE.dll
0x00007ffef1900000 - 0x00007ffef1966000 	C:\WINDOWS\System32\shlwapi.dll
0x00007ffeee310000 - 0x00007ffeee339000 	C:\WINDOWS\SYSTEM32\profapi.dll
0x00007ffed9240000 - 0x00007ffed924d000 	C:\Program Files\Java\jre-1.8\bin\management.dll
0x00007ffed9250000 - 0x00007ffed926c000 	C:\Program Files\Java\jre-1.8\bin\net.dll
0x00007ffeed6f0000 - 0x00007ffeed75c000 	C:\WINDOWS\system32\mswsock.dll
0x00007ffed68d0000 - 0x00007ffed68e3000 	C:\Program Files\Java\jre-1.8\bin\nio.dll
0x00007ffecc890000 - 0x00007ffecc8b5000 	C:\Program Files\Java\jre-1.8\bin\sunec.dll
0x00007ffee6f50000 - 0x00007ffee6f5e000 	C:\Program Files\Java\jre-1.8\bin\sunmscapi.dll
0x00007ffeef470000 - 0x00007ffeef5e8000 	C:\WINDOWS\System32\CRYPT32.dll
0x00007ffeedbf0000 - 0x00007ffeedc20000 	C:\WINDOWS\SYSTEM32\ncrypt.dll
0x00007ffeedba0000 - 0x00007ffeedbdf000 	C:\WINDOWS\SYSTEM32\NTASN1.dll
0x00007ffeccd80000 - 0x00007ffeccd98000 	C:\WINDOWS\system32\napinsp.dll
0x00007ffeecc40000 - 0x00007ffeecd72000 	C:\WINDOWS\SYSTEM32\DNSAPI.dll
0x00007ffeecba0000 - 0x00007ffeecbd2000 	C:\WINDOWS\SYSTEM32\IPHLPAPI.DLL
0x00007ffef1200000 - 0x00007ffef120a000 	C:\WINDOWS\System32\NSI.dll
0x00007ffecc9b0000 - 0x00007ffecc9c3000 	C:\WINDOWS\System32\winrnr.dll
0x00007ffecc980000 - 0x00007ffecc9a2000 	C:\WINDOWS\system32\nlansp_c.dll
0x00007ffecc960000 - 0x00007ffecc976000 	C:\WINDOWS\system32\wshbth.dll
0x00007ffee2980000 - 0x00007ffee298b000 	C:\Windows\System32\rasadhlp.dll
0x00007ffee69a0000 - 0x00007ffee6a26000 	C:\WINDOWS\System32\fwpuclnt.dll
0x00007ffee6650000 - 0x00007ffee666d000 	C:\WINDOWS\SYSTEM32\dhcpcsvc6.DLL
0x00007ffee6620000 - 0x00007ffee6645000 	C:\WINDOWS\SYSTEM32\dhcpcsvc.DLL
0x00007ffeed9d0000 - 0x00007ffeed9eb000 	C:\WINDOWS\SYSTEM32\CRYPTSP.dll
0x00007ffeed0e0000 - 0x00007ffeed119000 	C:\WINDOWS\system32\rsaenh.dll
0x00007ffeed7a0000 - 0x00007ffeed7d3000 	C:\WINDOWS\SYSTEM32\USERENV.dll
0x00007ffeee2e0000 - 0x00007ffeee30a000 	C:\WINDOWS\SYSTEM32\bcrypt.dll
0x00007ffeee4a0000 - 0x00007ffeee548000 	C:\WINDOWS\System32\bcryptprimitives.dll
0x00007ffeed9f0000 - 0x00007ffeed9fc000 	C:\WINDOWS\SYSTEM32\CRYPTBASE.dll
0x00007ffeec4c0000 - 0x00007ffeec702000 	C:\WINDOWS\SYSTEM32\dbghelp.dll
0x00007ffef0e60000 - 0x00007ffef0f39000 	C:\WINDOWS\System32\OLEAUT32.dll

VM Arguments:
jvm_args: -Dcatalina.base=C:\eGovFrameDev-3.10.0-64bit\workspace\.metadata\.plugins\org.eclipse.wst.server.core\tmp1 -Dcatalina.home=C:\Was\apache-tomcat-8.5.96 -Dwtp.deploy=C:\eGovFrameDev-3.10.0-64bit\workspace\.metadata\.plugins\org.eclipse.wst.server.core\tmp1\wtpwebapps -Djava.endorsed.dirs=C:\Was\apache-tomcat-8.5.96\endorsed -Dlog.path=C:\team\eduHub\ExtenalAPI/logs -Dfile.encoding=UTF-8 
java_command: org.apache.catalina.startup.Bootstrap start
java_class_path (initial): C:\Was\apache-tomcat-8.5.96\bin\bootstrap.jar;C:\Was\apache-tomcat-8.5.96\bin\tomcat-juli.jar
Launcher Type: SUN_STANDARD

Environment Variables:
PATH=C:/Program Files/Java/jre-1.8/bin/server;C:/Program Files/Java/jre-1.8/bin;C:/Program Files/Java/jre-1.8/lib/amd64;C:\Program Files\Common Files\Oracle\Java\javapath;C:\Program Files (x86)\Common Files\Oracle\Java\java8path;C:\Program Files (x86)\Common Files\Oracle\Java\javapath;C:\WINDOWS\system32;C:\WINDOWS;C:\WINDOWS\System32\Wbem;C:\WINDOWS\System32\WindowsPowerShell\v1.0\;C:\WINDOWS\System32\OpenSSH\;C:\Program Files\Microsoft SQL Server\150\Tools\Binn\;C:\Program Files\dotnet\;C:\Program Files\nodejs\;C:\Program Files\Git\cmd;C:\Java\java-1.8.0-openjdk-1.8.0.332-1.b09.ojdkbuild.windows.x86_64\bin;C:\Program Files\Microsoft SQL Server\170\Tools\Binn\;C:\Program Files\Docker\Docker\resources\bin;C:\Program Files\Microsoft SQL Server\Client SDK\ODBC\170\Tools\Binn\;C:\Users\이근형\AppData\Local\Programs\Python\Python313\Scripts\;C:\Users\이근형\AppData\Local\Programs\Python\Python313\;C:\Users\이근형\AppData\Local\Microsoft\WindowsApps;C:\Users\이근형\AppData\Local\Programs\Microsoft VS Code\bin;C:\Program Files\Java\jdk-17\bin;C:\Program Files\JetBrains\IntelliJ IDEA Community Edition 2025.1.2\bin;;C:\Users\이근형\AppData\Roaming\npm;C:\msys64\ucrt64\bin;C:\Users\이근형\AppData\Local\GitHubDesktop\bin;C:\Users\이근형\.dotnet\tools;C:\eGovFrameDev-3.10.0-64bit\eclipse;
USERNAME=이근형
OS=Windows_NT
PROCESSOR_IDENTIFIER=Intel64 Family 6 Model 186 Stepping 2, GenuineIntel



---------------  S Y S T E M  ---------------

OS: Windows 11 , 64 bit Build 26100 (10.0.26100.8328)

CPU:total 16 (initial active 16) (8 cores per cpu, 2 threads per core) family 6 model 186 stepping 2, cmov, cx8, fxsr, mmx, sse, sse2, sse3, ssse3, sse4.1, sse4.2, popcnt, avx, avx2, aes, clmul, erms, 3dnowpref, lzcnt, ht, tsc, tscinvbit, bmi1, bmi2, adx

Memory: 4k page, physical 16452468k(1413824k free), swap 29035380k(293864k free)

vm_info: Java HotSpot(TM) 64-Bit Server VM (25.411-b09) for windows-amd64 JRE (1.8.0_411-b09), built on Mar 13 2024 07:26:13 by "java_re" with MS VC++ 17.1 (VS2022)

time: Wed Jun  3 18:07:21 2026
timezone: Intel64 Family 6 Model 186 Stepping 2, GenuineIntel
elapsed time: 1234.320224 seconds (0d 0h 20m 34s)

