#
# There is insufficient memory for the Java Runtime Environment to continue.
# Native memory allocation (mmap) failed to map 264241152 bytes for G1 virtual space
# Possible reasons:
#   The system is out of physical RAM or swap space
#   The process is running with CompressedOops enabled, and the Java Heap may be blocking the growth of the native heap
# Possible solutions:
#   Reduce memory load on the system
#   Increase physical memory or swap space
#   Check if swap backing store is full
#   Decrease Java heap size (-Xmx/-Xms)
#   Decrease number of Java threads
#   Decrease Java thread stack sizes (-Xss)
#   Set larger code cache with -XX:ReservedCodeCacheSize=
#   JVM is running with Zero Based Compressed Oops mode in which the Java heap is
#     placed in the first 32GB address space. The Java Heap base address is the
#     maximum limit for the native heap growth. Please use -XX:HeapBaseMinAddress
#     to set the Java Heap base and to place the Java Heap above 32GB virtual address.
# This output file may be truncated or incomplete.
#
#  Out of Memory Error (os_windows.cpp:3551), pid=17300, tid=18744
#
# JRE version:  (17.0.15+9) (build )
# Java VM: Java HotSpot(TM) 64-Bit Server VM (17.0.15+9-LTS-241, mixed mode, sharing, tiered, compressed oops, compressed class ptrs, g1 gc, windows-amd64)
# No core dump will be written. Minidumps are not enabled by default on client versions of Windows
#

---------------  S U M M A R Y ------------

Command Line: C:\eGovFrameDev-3.10.0-64bit\workspace\HcncEduPj\src\main\webapp\WEB-INF\lib\lombok.jar

Host: 13th Gen Intel(R) Core(TM) i5-1340P, 16 cores, 15G,  Windows 11 , 64 bit Build 26100 (10.0.26100.7920)
Time: Thu Apr  2 13:51:22 2026  Windows 11 , 64 bit Build 26100 (10.0.26100.7920) elapsed time: 1.053109 seconds (0d 0h 0m 1s)

---------------  T H R E A D  ---------------

Current thread (0x0000029a7f54d220):  JavaThread "Unknown thread" [_thread_in_vm, id=18744, stack(0x000000c1d6e00000,0x000000c1d6f00000)]

Stack: [0x000000c1d6e00000,0x000000c1d6f00000]
Native frames: (J=compiled Java code, j=interpreted, Vv=VM code, C=native code)
V  [jvm.dll+0x67a46a]
V  [jvm.dll+0x7da6ad]
V  [jvm.dll+0x7dbff3]
V  [jvm.dll+0x7dc663]
V  [jvm.dll+0x24523f]
V  [jvm.dll+0x677499]
V  [jvm.dll+0x66c122]
V  [jvm.dll+0x302156]
V  [jvm.dll+0x3096f6]
V  [jvm.dll+0x35a04e]
V  [jvm.dll+0x35a27f]
V  [jvm.dll+0x2d9228]
V  [jvm.dll+0x2da194]
V  [jvm.dll+0x7ace91]
V  [jvm.dll+0x3678b1]
V  [jvm.dll+0x78be69]
V  [jvm.dll+0x3ecc6e]
V  [jvm.dll+0x3ee8a1]
C  [jli.dll+0x5297]
C  [ucrtbase.dll+0x37b0]
C  [KERNEL32.DLL+0x2e8d7]
C  [ntdll.dll+0x8c48c]


---------------  P R O C E S S  ---------------

Threads class SMR info:
_java_thread_list=0x00007ff86dfd8a18, length=0, elements={
}

Java Threads: ( => current thread )

Other Threads:
  0x0000029a7f5b87f0 GCTaskThread "GC Thread#0" [stack: 0x000000c1d6f00000,0x000000c1d7000000] [id=16808]
  0x0000029a7f5cb6d0 ConcurrentGCThread "G1 Main Marker" [stack: 0x000000c1d7000000,0x000000c1d7100000] [id=35664]
  0x0000029a7f5cc0e0 ConcurrentGCThread "G1 Conc#0" [stack: 0x000000c1d7100000,0x000000c1d7200000] [id=31236]

[error occurred during error reporting (printing all threads), id 0xc0000005, EXCEPTION_ACCESS_VIOLATION (0xc0000005) at pc=0x00007ff86d809d17]

VM state: not at safepoint (not fully initialized)

VM Mutex/Monitor currently owned by a thread:  ([mutex/lock_event])
[0x0000029a7f548470] Heap_lock - owner thread: 0x0000029a7f54d220

Heap address: 0x0000000704e00000, size: 4018 MB, Compressed Oops mode: Zero based, Oop shift amount: 3

CDS archive(s) mapped at: [0x0000000000000000-0x0000000000000000-0x0000000000000000), size 0, SharedBaseAddress: 0x0000000800000000, ArchiveRelocationMode: 1.
Narrow klass base: 0x0000000000000000, Narrow klass shift: 0, Narrow klass range: 0x0

GC Precious Log:
<Empty>

Heap:
 garbage-first heap   total 0K, used 0K [0x0000000704e00000, 0x0000000800000000)
  region size 2048K, 0 young (0K), 0 survivors (0K)

[error occurred during error reporting (printing heap information), id 0xc0000005, EXCEPTION_ACCESS_VIOLATION (0xc0000005) at pc=0x00007ff86dbf3c09]

GC Heap History (0 events):
No events

Deoptimization events (0 events):
No events

Classes unloaded (0 events):
No events

Classes redefined (0 events):
No events

Internal exceptions (0 events):
No events

VM Operations (0 events):
No events

Events (1 events):
Event: 0.011 Loaded shared library C:\Program Files\Java\jdk-17\bin\java.dll


Dynamic libraries:
0x00007ff6e09b0000 - 0x00007ff6e09c0000 	C:\Program Files\Java\jdk-17\bin\javaw.exe
0x00007ff95a5a0000 - 0x00007ff95a807000 	C:\WINDOWS\SYSTEM32\ntdll.dll
0x00007ff959040000 - 0x00007ff959109000 	C:\WINDOWS\System32\KERNEL32.DLL
0x00007ff957070000 - 0x00007ff957461000 	C:\WINDOWS\System32\KERNELBASE.dll
0x00007ff958090000 - 0x00007ff9581db000 	C:\WINDOWS\System32\ucrtbase.dll
0x00007ff93a7f0000 - 0x00007ff93a80b000 	C:\Program Files\Java\jdk-17\bin\VCRUNTIME140.dll
0x00007ff93a7d0000 - 0x00007ff93a7e9000 	C:\Program Files\Java\jdk-17\bin\jli.dll
0x00007ff959f60000 - 0x00007ff95a01b000 	C:\WINDOWS\System32\ADVAPI32.dll
0x00007ff958670000 - 0x00007ff958719000 	C:\WINDOWS\System32\msvcrt.dll
0x00007ff958350000 - 0x00007ff9583f7000 	C:\WINDOWS\System32\sechost.dll
0x00007ff958720000 - 0x00007ff958838000 	C:\WINDOWS\System32\RPCRT4.dll
0x00007ff9598f0000 - 0x00007ff959ab5000 	C:\WINDOWS\System32\USER32.dll
0x00007ff956e80000 - 0x00007ff956ea7000 	C:\WINDOWS\System32\win32u.dll
0x00007ff959f00000 - 0x00007ff959f2b000 	C:\WINDOWS\System32\GDI32.dll
0x00007ff956eb0000 - 0x00007ff956fdb000 	C:\WINDOWS\System32\gdi32full.dll
0x00007ff958290000 - 0x00007ff958333000 	C:\WINDOWS\System32\msvcp_win.dll
0x00007ff93e170000 - 0x00007ff93e403000 	C:\WINDOWS\WinSxS\amd64_microsoft.windows.common-controls_6595b64144ccf1df_6.0.26100.8037_none_3e092faae333b53b\COMCTL32.dll
0x00007ff946930000 - 0x00007ff94693b000 	C:\WINDOWS\SYSTEM32\VERSION.dll
0x00007ff95a4c0000 - 0x00007ff95a4f1000 	C:\WINDOWS\System32\IMM32.DLL
0x00007ff94fb40000 - 0x00007ff94fb4c000 	C:\Program Files\Java\jdk-17\bin\vcruntime140_1.dll
0x00007ff935110000 - 0x00007ff93519e000 	C:\Program Files\Java\jdk-17\bin\msvcp140.dll
0x00007ff86d520000 - 0x00007ff86e101000 	C:\Program Files\Java\jdk-17\bin\server\jvm.dll
0x00007ff95a020000 - 0x00007ff95a028000 	C:\WINDOWS\System32\PSAPI.DLL
0x00007ff94bce0000 - 0x00007ff94bd15000 	C:\WINDOWS\SYSTEM32\WINMM.dll
0x00007ff92d950000 - 0x00007ff92d95a000 	C:\WINDOWS\SYSTEM32\WSOCK32.dll
0x00007ff958560000 - 0x00007ff9585d4000 	C:\WINDOWS\System32\WS2_32.dll
0x00007ff955c10000 - 0x00007ff955c2b000 	C:\WINDOWS\SYSTEM32\kernel.appcore.dll
0x00007ff94fac0000 - 0x00007ff94faca000 	C:\Program Files\Java\jdk-17\bin\jimage.dll
0x00007ff954ef0000 - 0x00007ff955132000 	C:\WINDOWS\SYSTEM32\DBGHELP.DLL
0x00007ff959560000 - 0x00007ff9598e2000 	C:\WINDOWS\System32\combase.dll
0x00007ff9592e0000 - 0x00007ff9593b7000 	C:\WINDOWS\System32\OLEAUT32.dll
0x00007ff93eeb0000 - 0x00007ff93eeeb000 	C:\WINDOWS\SYSTEM32\dbgcore.DLL
0x00007ff9581e0000 - 0x00007ff958285000 	C:\WINDOWS\System32\bcryptPrimitives.dll
0x00007ff93a7a0000 - 0x00007ff93a7c5000 	C:\Program Files\Java\jdk-17\bin\java.dll

dbghelp: loaded successfully - version: 4.0.5 - missing functions: none
symbol engine: initialized successfully - sym options: 0x614 - pdb path: .;C:\Program Files\Java\jdk-17\bin;C:\WINDOWS\SYSTEM32;C:\WINDOWS\WinSxS\amd64_microsoft.windows.common-controls_6595b64144ccf1df_6.0.26100.8037_none_3e092faae333b53b;C:\Program Files\Java\jdk-17\bin\server

VM Arguments:
java_command: C:\eGovFrameDev-3.10.0-64bit\workspace\HcncEduPj\src\main\webapp\WEB-INF\lib\lombok.jar
java_class_path (initial): C:\eGovFrameDev-3.10.0-64bit\workspace\HcncEduPj\src\main\webapp\WEB-INF\lib\lombok.jar
Launcher Type: SUN_STANDARD

[Global flags]
     intx CICompilerCount                          = 12                                        {product} {ergonomic}
     uint ConcGCThreads                            = 3                                         {product} {ergonomic}
     uint G1ConcRefinementThreads                  = 13                                        {product} {ergonomic}
   size_t G1HeapRegionSize                         = 2097152                                   {product} {ergonomic}
    uintx GCDrainStackTargetSize                   = 64                                        {product} {ergonomic}
   size_t InitialHeapSize                          = 264241152                                 {product} {ergonomic}
   size_t MarkStackSize                            = 4194304                                   {product} {ergonomic}
   size_t MaxHeapSize                              = 4213178368                                {product} {ergonomic}
   size_t MinHeapDeltaBytes                        = 2097152                                   {product} {ergonomic}
   size_t MinHeapSize                              = 8388608                                   {product} {ergonomic}
    uintx NonNMethodCodeHeapSize                   = 7602480                                {pd product} {ergonomic}
    uintx NonProfiledCodeHeapSize                  = 122027880                              {pd product} {ergonomic}
    uintx ProfiledCodeHeapSize                     = 122027880                              {pd product} {ergonomic}
    uintx ReservedCodeCacheSize                    = 251658240                              {pd product} {ergonomic}
     bool SegmentedCodeCache                       = true                                      {product} {ergonomic}
   size_t SoftMaxHeapSize                          = 4213178368                             {manageable} {ergonomic}
     bool UseCompressedClassPointers               = true                           {product lp64_product} {ergonomic}
     bool UseCompressedOops                        = true                           {product lp64_product} {ergonomic}
     bool UseG1GC                                  = true                                      {product} {ergonomic}
     bool UseLargePagesIndividualAllocation        = false                                  {pd product} {ergonomic}

Logging:
Log output configuration:
 #0: stdout all=warning uptime,level,tags
 #1: stderr all=off uptime,level,tags

Environment Variables:
PATH=C:/Program Files/Java/jre-1.8/bin/server;C:/Program Files/Java/jre-1.8/bin;C:/Program Files/Java/jre-1.8/lib/amd64;C:\Program Files\Common Files\Oracle\Java\javapath;C:\Program Files (x86)\Common Files\Oracle\Java\java8path;C:\Program Files (x86)\Common Files\Oracle\Java\javapath;C:\WINDOWS\system32;C:\WINDOWS;C:\WINDOWS\System32\Wbem;C:\WINDOWS\System32\WindowsPowerShell\v1.0\;C:\WINDOWS\System32\OpenSSH\;C:\Program Files\Microsoft SQL Server\150\Tools\Binn\;C:\Program Files\Microsoft SQL Server\Client SDK\ODBC\170\Tools\Binn\;C:\Program Files\dotnet\;C:\Program Files\nodejs\;C:\Program Files\Git\cmd;C:\Java\java-1.8.0-openjdk-1.8.0.332-1.b09.ojdkbuild.windows.x86_64\bin;C:\Users\이근형\AppData\Local\Programs\Python\Python313\Scripts\;C:\Users\이근형\AppData\Local\Programs\Python\Python313\;C:\Users\이근형\AppData\Local\Microsoft\WindowsApps;C:\Users\이근형\.dotnet\tools;C:\Users\이근형\AppData\Local\Programs\Microsoft VS Code\bin;C:\Program Files\Java\jdk-17\bin;C:\Program Files\JetBrains\IntelliJ IDEA Community Edition 2025.1.2\bin;;C:\Users\이근형\AppData\Roaming\npm;C:\msys64\ucrt64\bin;;C:\eGovFrameDev-3.10.0-64bit\eclipse;
USERNAME=이근형
OS=Windows_NT
PROCESSOR_IDENTIFIER=Intel64 Family 6 Model 186 Stepping 2, GenuineIntel



---------------  S Y S T E M  ---------------

OS:
 Windows 11 , 64 bit Build 26100 (10.0.26100.7920)
OS uptime: 0 days 5:08 hours
Hyper-V role detected

CPU: total 16 (initial active 16) (8 cores per cpu, 2 threads per core) family 6 model 186 stepping 2 microcode 0x410e, cx8, cmov, fxsr, ht, mmx, 3dnowpref, sse, sse2, sse3, ssse3, sse4.1, sse4.2, popcnt, lzcnt, tsc, tscinvbit, avx, avx2, aes, erms, clmul, bmi1, bmi2, adx, sha, fma, vzeroupper, clflush, clflushopt, clwb, hv

Memory: 4k page, system-wide physical 16066M (2244M free)
TotalPageFile size 24258M (AvailPageFile size 213M)
current process WorkingSet (physical memory assigned to process): 13M, peak: 13M
current process commit charge ("private bytes"): 70M, peak: 322M

vm_info: Java HotSpot(TM) 64-Bit Server VM (17.0.15+9-LTS-241) for windows-amd64 JRE (17.0.15+9-LTS-241), built on Feb 20 2025 10:49:54 by "mach5one" with MS VC++ 17.6 (VS2022)

END.
