#
# There is insufficient memory for the Java Runtime Environment to continue.
# Native memory allocation (malloc) failed to allocate 1999552 bytes for Chunk::new
# Possible reasons:
#   The system is out of physical RAM or swap space
#   The process is running with CompressedOops enabled, and the Java Heap may be blocking the growth of the native heap
# Possible solutions:
#   Reduce memory load on the system
#   Increase physical memory or swap space
#   Check if swap backing store is full
#   Decrease Java heap size (-Xmx/-Xms)
#   Decrease number of Java threads
#   Decrease Java thread stack sizes (-Xss)
#   Set larger code cache with -XX:ReservedCodeCacheSize=
#   JVM is running with Zero Based Compressed Oops mode in which the Java heap is
#     placed in the first 32GB address space. The Java Heap base address is the
#     maximum limit for the native heap growth. Please use -XX:HeapBaseMinAddress
#     to set the Java Heap base and to place the Java Heap above 32GB virtual address.
# This output file may be truncated or incomplete.
#
#  Out of Memory Error (allocation.cpp:389), pid=13472, tid=0x0000000000007e10
#
# JRE version: Java(TM) SE Runtime Environment (8.0_411) (build 1.8.0_411-b09)
# Java VM: Java HotSpot(TM) 64-Bit Server VM (25.411-b09 mixed mode windows-amd64 compressed oops)
# Failed to write core dump. Minidumps are not enabled by default on client versions of Windows
#

---------------  T H R E A D  ---------------

Current thread (0x00000264aa1c5800):  JavaThread "C2 CompilerThread6" daemon [_thread_in_native, id=32272, stack(0x000000f778b00000,0x000000f778c00000)]

Stack: [0x000000f778b00000,0x000000f778c00000]
Native frames: (J=compiled Java code, j=interpreted, Vv=VM code, C=native code)
V  [jvm.dll+0x3540d9]
V  [jvm.dll+0x291062]
V  [jvm.dll+0x291c2d]
V  [jvm.dll+0x286265]
V  [jvm.dll+0xdb87c]
V  [jvm.dll+0xdc08c]
V  [jvm.dll+0x49da1c]
V  [jvm.dll+0x461193]
V  [jvm.dll+0x46a29f]
V  [jvm.dll+0x469699]
V  [jvm.dll+0x4533cc]
V  [jvm.dll+0xb0626]
V  [jvm.dll+0xaecff]
V  [jvm.dll+0x252182]
V  [jvm.dll+0x2adb2c]
C  [ucrtbase.dll+0x37b0]
C  [KERNEL32.DLL+0x2e957]
C  [ntdll.dll+0x427c]


Current CompileTask:
C2:11449279 11623       4       org.springframework.asm.ClassReader::readCode (3619 bytes)


---------------  P R O C E S S  ---------------

Java Threads: ( => current thread )
  0x00000264ab88e000 JavaThread "http-nio-8081-exec-20" daemon [_thread_blocked, id=17612, stack(0x000000f779900000,0x000000f779a00000)]
  0x00000264ab891000 JavaThread "http-nio-8081-exec-19" daemon [_thread_blocked, id=38900, stack(0x000000f779500000,0x000000f779600000)]
  0x00000264ab88f800 JavaThread "http-nio-8081-exec-18" daemon [_thread_blocked, id=31456, stack(0x000000f777000000,0x000000f777100000)]
  0x00000264ab88d000 JavaThread "http-nio-8081-exec-17" daemon [_thread_blocked, id=31848, stack(0x000000f776f00000,0x000000f777000000)]
  0x00000264ab890000 JavaThread "http-nio-8081-exec-16" daemon [_thread_blocked, id=12932, stack(0x000000f779700000,0x000000f779800000)]
  0x00000264ab883000 JavaThread "http-nio-8081-exec-15" daemon [_thread_blocked, id=28616, stack(0x000000f779f00000,0x000000f77a000000)]
  0x00000264ab88e800 JavaThread "http-nio-8081-exec-14" daemon [_thread_blocked, id=36608, stack(0x000000f779e00000,0x000000f779f00000)]
  0x00000264ab88b000 JavaThread "http-nio-8081-exec-13" daemon [_thread_blocked, id=37792, stack(0x000000f779800000,0x000000f779900000)]
  0x00000264ab887000 JavaThread "http-nio-8081-exec-12" daemon [_thread_blocked, id=34464, stack(0x000000f779400000,0x000000f779500000)]
  0x00000264ab88c800 JavaThread "http-nio-8081-exec-11" daemon [_thread_blocked, id=37192, stack(0x000000f777100000,0x000000f777200000)]
  0x00000264ab885800 JavaThread "http-nio-8081-AsyncTimeout" daemon [_thread_blocked, id=25440, stack(0x000000f77a300000,0x000000f77a400000)]
  0x00000264ab887800 JavaThread "http-nio-8081-Acceptor" daemon [_thread_in_native, id=33340, stack(0x000000f77a200000,0x000000f77a300000)]
  0x00000264ab884000 JavaThread "http-nio-8081-Poller" daemon [_thread_in_native, id=6064, stack(0x000000f77a100000,0x000000f77a200000)]
  0x00000264acd3c800 JavaThread "ContainerBackgroundProcessor[StandardEngine[Catalina]]" daemon [_thread_in_vm, id=24316, stack(0x000000f779600000,0x000000f779700000)]
  0x00000264aac15000 JavaThread "GC Daemon" daemon [_thread_blocked, id=22068, stack(0x000000f779300000,0x000000f779400000)]
  0x00000264aa23e000 JavaThread "Service Thread" daemon [_thread_blocked, id=10952, stack(0x000000f779100000,0x000000f779200000)]
  0x00000264aa1c6800 JavaThread "C1 CompilerThread11" daemon [_thread_blocked, id=14304, stack(0x000000f779000000,0x000000f779100000)]
  0x00000264aa1c7000 JavaThread "C1 CompilerThread10" daemon [_thread_blocked, id=4108, stack(0x000000f778f00000,0x000000f779000000)]
  0x00000264aa1c9800 JavaThread "C1 CompilerThread9" daemon [_thread_blocked, id=26548, stack(0x000000f778e00000,0x000000f778f00000)]
  0x00000264aa1c8000 JavaThread "C1 CompilerThread8" daemon [_thread_blocked, id=9812, stack(0x000000f778d00000,0x000000f778e00000)]
  0x00000264aa1c8800 JavaThread "C2 CompilerThread7" daemon [_thread_blocked, id=19436, stack(0x000000f778c00000,0x000000f778d00000)]
=>0x00000264aa1c5800 JavaThread "C2 CompilerThread6" daemon [_thread_in_native, id=32272, stack(0x000000f778b00000,0x000000f778c00000)]
  0x00000264aa1a1000 JavaThread "C2 CompilerThread5" daemon [_thread_blocked, id=22132, stack(0x000000f778a00000,0x000000f778b00000)]
  0x00000264aa188000 JavaThread "C2 CompilerThread4" daemon [_thread_blocked, id=16316, stack(0x000000f778900000,0x000000f778a00000)]
  0x00000264aa156000 JavaThread "C2 CompilerThread3" daemon [_thread_blocked, id=33504, stack(0x000000f778800000,0x000000f778900000)]
  0x00000264aa153800 JavaThread "C2 CompilerThread2" daemon [_thread_blocked, id=31544, stack(0x000000f778700000,0x000000f778800000)]
  0x00000264aa150800 JavaThread "C2 CompilerThread1" daemon [_thread_blocked, id=34320, stack(0x000000f778600000,0x000000f778700000)]
  0x00000264aa14f000 JavaThread "C2 CompilerThread0" daemon [_thread_blocked, id=25040, stack(0x000000f778500000,0x000000f778600000)]
  0x00000264aa14e800 JavaThread "Attach Listener" daemon [_thread_blocked, id=30268, stack(0x000000f778400000,0x000000f778500000)]
  0x00000264a73ee800 JavaThread "Signal Dispatcher" daemon [_thread_blocked, id=34288, stack(0x000000f778300000,0x000000f778400000)]
  0x00000264aa0e0800 JavaThread "Finalizer" daemon [_thread_blocked, id=24968, stack(0x000000f778200000,0x000000f778300000)]
  0x00000264a73d2800 JavaThread "Reference Handler" daemon [_thread_blocked, id=8612, stack(0x000000f778100000,0x000000f778200000)]
  0x000002648c85a000 JavaThread "main" [_thread_in_native, id=25356, stack(0x000000f777200000,0x000000f777300000)]

Other Threads:
  0x00000264a73cb800 VMThread [stack: 0x000000f778000000,0x000000f778100000] [id=9468]
  0x00000264aa253000 WatcherThread [stack: 0x000000f779200000,0x000000f779300000] [id=796]

VM state:not at safepoint (normal execution)

VM Mutex/Monitor currently owned by a thread: None

heap address: 0x00000006c4e00000, size: 4018 MB, Compressed Oops mode: Zero based, Oop shift amount: 3
Narrow klass base: 0x0000000000000000, Narrow klass shift: 3
Compressed class space size: 1073741824 Address: 0x00000007c0000000

Heap:
 PSYoungGen      total 132608K, used 129470K [0x000000076c500000, 0x0000000779080000, 0x00000007c0000000)
  eden space 125440K, 97% used [0x000000076c500000,0x0000000773c72e18,0x0000000773f80000)
  from space 7168K, 99% used [0x0000000778980000,0x000000077907cd48,0x0000000779080000)
  to   space 18944K, 0% used [0x0000000776b80000,0x0000000776b80000,0x0000000777e00000)
 ParOldGen       total 165376K, used 70693K [0x00000006c4e00000, 0x00000006cef80000, 0x000000076c500000)
  object space 165376K, 42% used [0x00000006c4e00000,0x00000006c9309648,0x00000006cef80000)
 Metaspace       used 72453K, capacity 73804K, committed 74136K, reserved 1114112K
  class space    used 8990K, capacity 9315K, committed 9368K, reserved 1048576K

Card table byte_map: [0x000002649d660000,0x000002649de40000] byte_map_base: 0x000002649a039000

Marking Bits: (ParMarkBitMap*) 0x00007ff9ae9270d0
 Begin Bits: [0x000002649e380000, 0x00000264a2248000)
 End Bits:   [0x00000264a2248000, 0x00000264a6110000)

Polling page: 0x000002648cc10000

CodeCache: size=245760Kb used=39714Kb max_used=39725Kb free=206045Kb
 bounds [0x000002648e2a0000, 0x00000264909e0000, 0x000002649d2a0000]
 total_blobs=10177 nmethods=9631 adapters=455
 compilation: enabled

Compilation events (10 events):
Event: 11448.709 Thread 0x00000264aa1c7000 11626       3       org.springframework.util.StringUtils::hasText (20 bytes)
Event: 11448.709 Thread 0x00000264aa14f000 11627       4       java.util.Objects::hashCode (13 bytes)
Event: 11448.710 Thread 0x00000264aa1c7000 nmethod 11626 0x000002648ee2d750 code [0x000002648ee2d8e0, 0x000002648ee2dd10]
Event: 11448.710 Thread 0x00000264aa14f000 nmethod 11627 0x000002648fb52c90 code [0x000002648fb52dc0, 0x000002648fb52e78]
Event: 11448.730 Thread 0x00000264aa1c9800 11628       3       org.springframework.util.StringUtils::cleanPath (243 bytes)
Event: 11448.730 Thread 0x00000264aa1c6800 11629       3       org.springframework.util.StringUtils::collectionToDelimitedString (84 bytes)
Event: 11448.730 Thread 0x00000264aa1c8000 11630       3       org.springframework.util.StringUtils::delimitedListToStringArray (167 bytes)
Event: 11448.731 Thread 0x00000264aa1c6800 nmethod 11629 0x000002648ee2bb10 code [0x000002648ee2bda0, 0x000002648ee2cf90]
Event: 11448.732 Thread 0x00000264aa1c8000 nmethod 11630 0x000002648ee28210 code [0x000002648ee285a0, 0x000002648ee2a8c0]
Event: 11448.733 Thread 0x00000264aa1c9800 nmethod 11628 0x000002648e669a10 code [0x000002648e669e80, 0x000002648e66c690]

GC Heap History (10 events):
Event: 11434.338 GC heap before
{Heap before GC invocations=2303 (full 3):
 PSYoungGen      total 76288K, used 76277K [0x000000076c500000, 0x0000000779900000, 0x00000007c0000000)
  eden space 74240K, 100% used [0x000000076c500000,0x0000000770d80000,0x0000000770d80000)
  from space 2048K, 99% used [0x0000000779580000,0x000000077977d6e8,0x0000000779780000)
  to   space 1536K, 0% used [0x0000000779780000,0x0000000779780000,0x0000000779900000)
 ParOldGen       total 165376K, used 45294K [0x00000006c4e00000, 0x00000006cef80000, 0x000000076c500000)
  object space 165376K, 27% used [0x00000006c4e00000,0x00000006c7a3b910,0x00000006cef80000)
 Metaspace       used 66060K, capacity 67258K, committed 67608K, reserved 1107968K
  class space    used 8133K, capacity 8418K, committed 8472K, reserved 1048576K
Event: 11434.352 GC heap after
Heap after GC invocations=2303 (full 3):
 PSYoungGen      total 74752K, used 1525K [0x000000076c500000, 0x0000000779900000, 0x00000007c0000000)
  eden space 73216K, 0% used [0x000000076c500000,0x000000076c500000,0x0000000770c80000)
  from space 1536K, 99% used [0x0000000779780000,0x00000007798fd6f8,0x0000000779900000)
  to   space 9216K, 0% used [0x0000000778700000,0x0000000778700000,0x0000000779000000)
 ParOldGen       total 165376K, used 57158K [0x00000006c4e00000, 0x00000006cef80000, 0x000000076c500000)
  object space 165376K, 34% used [0x00000006c4e00000,0x00000006c85d1b58,0x00000006cef80000)
 Metaspace       used 66060K, capacity 67258K, committed 67608K, reserved 1107968K
  class space    used 8133K, capacity 8418K, committed 8472K, reserved 1048576K
}
Event: 11435.929 GC heap before
{Heap before GC invocations=2304 (full 3):
 PSYoungGen      total 74752K, used 74741K [0x000000076c500000, 0x0000000779900000, 0x00000007c0000000)
  eden space 73216K, 100% used [0x000000076c500000,0x0000000770c80000,0x0000000770c80000)
  from space 1536K, 99% used [0x0000000779780000,0x00000007798fd6f8,0x0000000779900000)
  to   space 9216K, 0% used [0x0000000778700000,0x0000000778700000,0x0000000779000000)
 ParOldGen       total 165376K, used 57158K [0x00000006c4e00000, 0x00000006cef80000, 0x000000076c500000)
  object space 165376K, 34% used [0x00000006c4e00000,0x00000006c85d1b58,0x00000006cef80000)
 Metaspace       used 66114K, capacity 67322K, committed 67608K, reserved 1107968K
  class space    used 8133K, capacity 8418K, committed 8472K, reserved 1048576K
Event: 11435.956 GC heap after
Heap after GC invocations=2304 (full 3):
 PSYoungGen      total 92160K, used 9210K [0x000000076c500000, 0x0000000779800000, 0x00000007c0000000)
  eden space 82944K, 0% used [0x000000076c500000,0x000000076c500000,0x0000000771600000)
  from space 9216K, 99% used [0x0000000778700000,0x0000000778ffe960,0x0000000779000000)
  to   space 8192K, 0% used [0x0000000779000000,0x0000000779000000,0x0000000779800000)
 ParOldGen       total 165376K, used 61510K [0x00000006c4e00000, 0x00000006cef80000, 0x000000076c500000)
  object space 165376K, 37% used [0x00000006c4e00000,0x00000006c8a118d0,0x00000006cef80000)
 Metaspace       used 66114K, capacity 67322K, committed 67608K, reserved 1107968K
  class space    used 8133K, capacity 8418K, committed 8472K, reserved 1048576K
}
Event: 11437.900 GC heap before
{Heap before GC invocations=2305 (full 3):
 PSYoungGen      total 92160K, used 92154K [0x000000076c500000, 0x0000000779800000, 0x00000007c0000000)
  eden space 82944K, 100% used [0x000000076c500000,0x0000000771600000,0x0000000771600000)
  from space 9216K, 99% used [0x0000000778700000,0x0000000778ffe960,0x0000000779000000)
  to   space 8192K, 0% used [0x0000000779000000,0x0000000779000000,0x0000000779800000)
 ParOldGen       total 165376K, used 61510K [0x00000006c4e00000, 0x00000006cef80000, 0x000000076c500000)
  object space 165376K, 37% used [0x00000006c4e00000,0x00000006c8a118d0,0x00000006cef80000)
 Metaspace       used 66114K, capacity 67322K, committed 67608K, reserved 1107968K
  class space    used 8133K, capacity 8418K, committed 8472K, reserved 1048576K
Event: 11437.935 GC heap after
Heap after GC invocations=2305 (full 3):
 PSYoungGen      total 103424K, used 8181K [0x000000076c500000, 0x0000000779800000, 0x00000007c0000000)
  eden space 95232K, 0% used [0x000000076c500000,0x000000076c500000,0x0000000772200000)
  from space 8192K, 99% used [0x0000000779000000,0x00000007797fd6d8,0x0000000779800000)
  to   space 14848K, 0% used [0x0000000777b00000,0x0000000777b00000,0x0000000778980000)
 ParOldGen       total 165376K, used 65326K [0x00000006c4e00000, 0x00000006cef80000, 0x000000076c500000)
  object space 165376K, 39% used [0x00000006c4e00000,0x00000006c8dcb840,0x00000006cef80000)
 Metaspace       used 66114K, capacity 67322K, committed 67608K, reserved 1107968K
  class space    used 8133K, capacity 8418K, committed 8472K, reserved 1048576K
}
Event: 11440.020 GC heap before
{Heap before GC invocations=2306 (full 3):
 PSYoungGen      total 103424K, used 103413K [0x000000076c500000, 0x0000000779800000, 0x00000007c0000000)
  eden space 95232K, 100% used [0x000000076c500000,0x0000000772200000,0x0000000772200000)
  from space 8192K, 99% used [0x0000000779000000,0x00000007797fd6d8,0x0000000779800000)
  to   space 14848K, 0% used [0x0000000777b00000,0x0000000777b00000,0x0000000778980000)
 ParOldGen       total 165376K, used 65326K [0x00000006c4e00000, 0x00000006cef80000, 0x000000076c500000)
  object space 165376K, 39% used [0x00000006c4e00000,0x00000006c8dcb840,0x00000006cef80000)
 Metaspace       used 66114K, capacity 67322K, committed 67608K, reserved 1107968K
  class space    used 8133K, capacity 8418K, committed 8472K, reserved 1048576K
Event: 11440.047 GC heap after
Heap after GC invocations=2306 (full 3):
 PSYoungGen      total 124416K, used 14846K [0x000000076c500000, 0x0000000779080000, 0x00000007c0000000)
  eden space 109568K, 0% used [0x000000076c500000,0x000000076c500000,0x0000000773000000)
  from space 14848K, 99% used [0x0000000777b00000,0x000000077897fa08,0x0000000778980000)
  to   space 7168K, 0% used [0x0000000778980000,0x0000000778980000,0x0000000779080000)
 ParOldGen       total 165376K, used 67163K [0x00000006c4e00000, 0x00000006cef80000, 0x000000076c500000)
  object space 165376K, 40% used [0x00000006c4e00000,0x00000006c8f96c98,0x00000006cef80000)
 Metaspace       used 66114K, capacity 67322K, committed 67608K, reserved 1107968K
  class space    used 8133K, capacity 8418K, committed 8472K, reserved 1048576K
}
Event: 11442.913 GC heap before
{Heap before GC invocations=2307 (full 3):
 PSYoungGen      total 124416K, used 124414K [0x000000076c500000, 0x0000000779080000, 0x00000007c0000000)
  eden space 109568K, 100% used [0x000000076c500000,0x0000000773000000,0x0000000773000000)
  from space 14848K, 99% used [0x0000000777b00000,0x000000077897fa08,0x0000000778980000)
  to   space 7168K, 0% used [0x0000000778980000,0x0000000778980000,0x0000000779080000)
 ParOldGen       total 165376K, used 67163K [0x00000006c4e00000, 0x00000006cef80000, 0x000000076c500000)
  object space 165376K, 40% used [0x00000006c4e00000,0x00000006c8f96c98,0x00000006cef80000)
 Metaspace       used 67467K, capacity 68746K, committed 69144K, reserved 1110016K
  class space    used 8312K, capacity 8616K, committed 8728K, reserved 1048576K
Event: 11442.941 GC heap after
Heap after GC invocations=2307 (full 3):
 PSYoungGen      total 132608K, used 7155K [0x000000076c500000, 0x0000000779080000, 0x00000007c0000000)
  eden space 125440K, 0% used [0x000000076c500000,0x000000076c500000,0x0000000773f80000)
  from space 7168K, 99% used [0x0000000778980000,0x000000077907cd48,0x0000000779080000)
  to   space 18944K, 0% used [0x0000000776b80000,0x0000000776b80000,0x0000000777e00000)
 ParOldGen       total 165376K, used 70693K [0x00000006c4e00000, 0x00000006cef80000, 0x000000076c500000)
  object space 165376K, 42% used [0x00000006c4e00000,0x00000006c9309648,0x00000006cef80000)
 Metaspace       used 67467K, capacity 68746K, committed 69144K, reserved 1110016K
  class space    used 8312K, capacity 8616K, committed 8728K, reserved 1048576K
}

Deoptimization events (10 events):
Event: 5831.817 Thread 0x00000264acd3c800 Uncommon trap: reason=unloaded action=reinterpret pc=0x000002648fae1394 method=org.apache.catalina.webresources.AbstractSingleArchiveResourceSet.getArchiveEntry(Ljava/lang/String;)Ljava/util/jar/JarEntry; @ 24
Event: 7349.987 Thread 0x00000264aa0e0800 Uncommon trap: reason=unstable_if action=reinterpret pc=0x000002648f0b2498 method=java.util.zip.ZipFile.close()V @ 193
Event: 10144.780 Thread 0x00000264ab88e800 Uncommon trap: reason=class_check action=maybe_recompile pc=0x000002648f3be8cc method=org.apache.catalina.webresources.StandardRoot.getResourceInternal(Ljava/lang/String;Z)Lorg/apache/catalina/WebResource; @ 78
Event: 10144.798 Thread 0x00000264ab88e800 Uncommon trap: reason=unstable_if action=reinterpret pc=0x000002649029db8c method=org.springframework.util.AntPathMatcher.skipSegment(Ljava/lang/String;ILjava/lang/String;)I @ 47
Event: 10144.894 Thread 0x00000264ab88e800 Uncommon trap: reason=class_check action=maybe_recompile pc=0x000002648ee7f598 method=sun.misc.URLClassPath.getLoader(I)Lsun/misc/URLClassPath$Loader; @ 94
Event: 10144.951 Thread 0x00000264ab88e800 Uncommon trap: reason=unstable_if action=reinterpret pc=0x000002648ecb1780 method=java.lang.Throwable.getOurStackTrace()[Ljava/lang/StackTraceElement; @ 7
Event: 11274.467 Thread 0x00000264ab88f800 Uncommon trap: reason=unstable_if action=reinterpret pc=0x000002648f6db48c method=java.util.concurrent.ConcurrentHashMap.putVal(Ljava/lang/Object;Ljava/lang/Object;Z)Ljava/lang/Object; @ 98
Event: 11275.348 Thread 0x00000264ab883000 Uncommon trap: reason=loop_limit_check action=maybe_recompile pc=0x000002648fde9644 method=org.springframework.util.AntPathMatcher.doMatch(Ljava/lang/String;Ljava/lang/String;ZLjava/util/Map;)Z @ 592
Event: 11432.219 Thread 0x00000264acd3c800 Uncommon trap: reason=class_check action=maybe_recompile pc=0x000002648fcd0f88 method=org.apache.catalina.startup.ContextConfig.checkHandlesTypes(Lorg/apache/tomcat/util/bcel/classfile/JavaClass;Ljava/util/Map;)V @ 181
Event: 11432.224 Thread 0x00000264acd3c800 Uncommon trap: reason=class_check action=maybe_recompile pc=0x000002648fcd0f88 method=org.apache.catalina.startup.ContextConfig.checkHandlesTypes(Lorg/apache/tomcat/util/bcel/classfile/JavaClass;Ljava/util/Map;)V @ 181

Classes redefined (0 events):
No events

Internal exceptions (10 events):
Event: 11419.565 Thread 0x00000264acd3c800 Exception <a 'java/io/FileNotFoundException'> (0x00000007700088b8) thrown at [C:\jenkins\workspace\8-2-build-windows-x64-cygwin-sans-NAS\jdk8u411\893\hotspot\src\share\vm\prims\jni.cpp, line 710]
Event: 11419.566 Thread 0x00000264acd3c800 Exception <a 'java/io/IOException'> (0x00000007700206f0) thrown at [C:\jenkins\workspace\8-2-build-windows-x64-cygwin-sans-NAS\jdk8u411\893\hotspot\src\share\vm\prims\jni.cpp, line 710]
Event: 11429.676 Thread 0x00000264acd3c800 Exception <a 'java/io/IOException'> (0x0000000770116120) thrown at [C:\jenkins\workspace\8-2-build-windows-x64-cygwin-sans-NAS\jdk8u411\893\hotspot\src\share\vm\prims\jni.cpp, line 710]
Event: 11429.678 Thread 0x00000264acd3c800 Exception <a 'java/io/IOException'> (0x000000077011ad58) thrown at [C:\jenkins\workspace\8-2-build-windows-x64-cygwin-sans-NAS\jdk8u411\893\hotspot\src\share\vm\prims\jni.cpp, line 710]
Event: 11429.713 Thread 0x00000264acd3c800 Exception <a 'java/io/IOException'> (0x000000077017ebe8) thrown at [C:\jenkins\workspace\8-2-build-windows-x64-cygwin-sans-NAS\jdk8u411\893\hotspot\src\share\vm\prims\jni.cpp, line 710]
Event: 11441.877 Thread 0x00000264acd3c800 Exception <a 'java/io/IOException'> (0x0000000771fcde88) thrown at [C:\jenkins\workspace\8-2-build-windows-x64-cygwin-sans-NAS\jdk8u411\893\hotspot\src\share\vm\prims\jni.cpp, line 710]
Event: 11441.967 Thread 0x00000264acd3c800 Exception <a 'java/io/IOException'> (0x00000007720990c8) thrown at [C:\jenkins\workspace\8-2-build-windows-x64-cygwin-sans-NAS\jdk8u411\893\hotspot\src\share\vm\prims\jni.cpp, line 710]
Event: 11446.263 Thread 0x00000264acd3c800 Exception <a 'java/lang/NoSuchMethodError': org.slf4j.impl.StaticMarkerBinder.getSingleton()Lorg/slf4j/impl/StaticMarkerBinder;> (0x000000076f2e5400) thrown at [C:\jenkins\workspace\8-2-build-windows-x64-cygwin-sans-NAS\jdk8u411\893\hotspot\src\share\vm\i
Event: 11446.287 Thread 0x00000264acd3c800 Exception <a 'java/io/IOException'> (0x000000076f379188) thrown at [C:\jenkins\workspace\8-2-build-windows-x64-cygwin-sans-NAS\jdk8u411\893\hotspot\src\share\vm\prims\jni.cpp, line 710]
Event: 11446.610 Thread 0x00000264acd3c800 Exception <a 'java/io/FileNotFoundException'> (0x000000076fccfd08) thrown at [C:\jenkins\workspace\8-2-build-windows-x64-cygwin-sans-NAS\jdk8u411\893\hotspot\src\share\vm\prims\jni.cpp, line 710]

Events (10 events):
Event: 11448.705 loading class org/slf4j/ext/EventData
Event: 11448.705 loading class org/slf4j/ext/EventData done
Event: 11448.713 loading class javax/inject/Named
Event: 11448.713 loading class javax/inject/Named done
Event: 11448.717 loading class javax/inject$Named
Event: 11448.717 loading class javax/inject$Named done
Event: 11448.722 loading class org/slf4j/ext/EventData
Event: 11448.722 loading class org/slf4j/ext/EventData done
Event: 11448.723 loading class org/slf4j/ext/EventData
Event: 11448.723 loading class org/slf4j/ext/EventData done


Dynamic libraries:
0x00007ff68a850000 - 0x00007ff68a89a000 	C:\Program Files\Java\jre-1.8\bin\javaw.exe
0x00007ffa90c40000 - 0x00007ffa90ea7000 	C:\WINDOWS\SYSTEM32\ntdll.dll
0x00007ffa8f560000 - 0x00007ffa8f629000 	C:\WINDOWS\System32\KERNEL32.DLL
0x00007ffa8e5c0000 - 0x00007ffa8e9b7000 	C:\WINDOWS\System32\KERNELBASE.dll
0x00007ffa8ef40000 - 0x00007ffa8eff6000 	C:\WINDOWS\System32\ADVAPI32.dll
0x00007ffa8ff40000 - 0x00007ffa8ffe9000 	C:\WINDOWS\System32\msvcrt.dll
0x00007ffa8fe90000 - 0x00007ffa8ff37000 	C:\WINDOWS\System32\sechost.dll
0x00007ffa900b0000 - 0x00007ffa901c8000 	C:\WINDOWS\System32\RPCRT4.dll
0x00007ffa90850000 - 0x00007ffa90a16000 	C:\WINDOWS\System32\USER32.dll
0x00007ffa8dd20000 - 0x00007ffa8dd47000 	C:\WINDOWS\System32\win32u.dll
0x00007ffa8f000000 - 0x00007ffa8f02b000 	C:\WINDOWS\System32\GDI32.dll
0x00007ffa8dbf0000 - 0x00007ffa8dd1c000 	C:\WINDOWS\System32\gdi32full.dll
0x00007ffa8d670000 - 0x00007ffa8d713000 	C:\WINDOWS\System32\msvcp_win.dll
0x00007ffa8daa0000 - 0x00007ffa8dbeb000 	C:\WINDOWS\System32\ucrtbase.dll
0x00007ffa73b70000 - 0x00007ffa73e02000 	C:\WINDOWS\WinSxS\amd64_microsoft.windows.common-controls_6595b64144ccf1df_6.0.26100.8457_none_3e0b2faee331e92d\COMCTL32.dll
0x00007ffa8e9c0000 - 0x00007ffa8e9f2000 	C:\WINDOWS\System32\IMM32.DLL
0x00007ffa77cf0000 - 0x00007ffa77d0b000 	C:\Program Files\Java\jre-1.8\bin\vcruntime140.dll
0x00007ffa86640000 - 0x00007ffa8664c000 	C:\Program Files\Java\jre-1.8\bin\vcruntime140_1.dll
0x00007ffa63840000 - 0x00007ffa638ce000 	C:\Program Files\Java\jre-1.8\bin\msvcp140.dll
0x00007ff9ae0f0000 - 0x00007ff9ae9a1000 	C:\Program Files\Java\jre-1.8\bin\server\jvm.dll
0x00007ffa8eaa0000 - 0x00007ffa8eaa8000 	C:\WINDOWS\System32\PSAPI.DLL
0x00007ffa82bf0000 - 0x00007ffa82c26000 	C:\WINDOWS\SYSTEM32\WINMM.dll
0x00007ffa5b650000 - 0x00007ffa5b65a000 	C:\WINDOWS\SYSTEM32\WSOCK32.dll
0x00007ffa798c0000 - 0x00007ffa798cb000 	C:\WINDOWS\SYSTEM32\VERSION.dll
0x00007ffa8f470000 - 0x00007ffa8f4f0000 	C:\WINDOWS\System32\WS2_32.dll
0x00007ffa8c400000 - 0x00007ffa8c41b000 	C:\WINDOWS\SYSTEM32\kernel.appcore.dll
0x00007ffa5e600000 - 0x00007ffa5e610000 	C:\Program Files\Java\jre-1.8\bin\verify.dll
0x00007ffa55e50000 - 0x00007ffa55e7b000 	C:\Program Files\Java\jre-1.8\bin\java.dll
0x00007ffa55df0000 - 0x00007ffa55e08000 	C:\Program Files\Java\jre-1.8\bin\zip.dll
0x00007ffa8f630000 - 0x00007ffa8fd9e000 	C:\WINDOWS\System32\SHELL32.dll
0x00007ffa8dd50000 - 0x00007ffa8e5bc000 	C:\WINDOWS\System32\windows.storage.dll
0x00007ffa8f030000 - 0x00007ffa8f3b3000 	C:\WINDOWS\System32\combase.dll
0x00007ffa90b00000 - 0x00007ffa90bf6000 	C:\WINDOWS\System32\SHCORE.dll
0x00007ffa90a20000 - 0x00007ffa90a86000 	C:\WINDOWS\System32\shlwapi.dll
0x00007ffa8d590000 - 0x00007ffa8d5b9000 	C:\WINDOWS\SYSTEM32\profapi.dll
0x00007ffa77bc0000 - 0x00007ffa77bcd000 	C:\Program Files\Java\jre-1.8\bin\management.dll
0x00007ffa55dd0000 - 0x00007ffa55dec000 	C:\Program Files\Java\jre-1.8\bin\net.dll
0x00007ffa8c970000 - 0x00007ffa8c9dc000 	C:\WINDOWS\system32\mswsock.dll
0x00007ffa55db0000 - 0x00007ffa55dc3000 	C:\Program Files\Java\jre-1.8\bin\nio.dll
0x00007ffa643c0000 - 0x00007ffa643e5000 	C:\Program Files\Java\jre-1.8\bin\sunec.dll
0x00007ffa75c90000 - 0x00007ffa75c9e000 	C:\Program Files\Java\jre-1.8\bin\sunmscapi.dll
0x00007ffa8d920000 - 0x00007ffa8da98000 	C:\WINDOWS\System32\CRYPT32.dll
0x00007ffa8ce70000 - 0x00007ffa8cea0000 	C:\WINDOWS\SYSTEM32\ncrypt.dll
0x00007ffa8ce20000 - 0x00007ffa8ce5f000 	C:\WINDOWS\SYSTEM32\NTASN1.dll
0x00007ffa6afa0000 - 0x00007ffa6afb8000 	C:\WINDOWS\system32\napinsp.dll
0x00007ffa8bec0000 - 0x00007ffa8bff2000 	C:\WINDOWS\SYSTEM32\DNSAPI.dll
0x00007ffa8be80000 - 0x00007ffa8beb2000 	C:\WINDOWS\SYSTEM32\IPHLPAPI.DLL
0x00007ffa8ea90000 - 0x00007ffa8ea9a000 	C:\WINDOWS\System32\NSI.dll
0x00007ffa6af80000 - 0x00007ffa6af93000 	C:\WINDOWS\System32\winrnr.dll
0x00007ffa6af50000 - 0x00007ffa6af72000 	C:\WINDOWS\system32\nlansp_c.dll
0x00007ffa6af30000 - 0x00007ffa6af46000 	C:\WINDOWS\system32\wshbth.dll
0x00007ffa81f00000 - 0x00007ffa81f0b000 	C:\Windows\System32\rasadhlp.dll
0x00007ffa85650000 - 0x00007ffa856d6000 	C:\WINDOWS\System32\fwpuclnt.dll
0x00007ffa85020000 - 0x00007ffa8503d000 	C:\WINDOWS\SYSTEM32\dhcpcsvc6.DLL
0x00007ffa84ff0000 - 0x00007ffa85015000 	C:\WINDOWS\SYSTEM32\dhcpcsvc.DLL
0x00007ffa8cc50000 - 0x00007ffa8cc6b000 	C:\WINDOWS\SYSTEM32\CRYPTSP.dll
0x00007ffa8c360000 - 0x00007ffa8c399000 	C:\WINDOWS\system32\rsaenh.dll
0x00007ffa8ca20000 - 0x00007ffa8ca53000 	C:\WINDOWS\SYSTEM32\USERENV.dll
0x00007ffa8d560000 - 0x00007ffa8d58a000 	C:\WINDOWS\SYSTEM32\bcrypt.dll
0x00007ffa8d870000 - 0x00007ffa8d918000 	C:\WINDOWS\System32\bcryptprimitives.dll
0x00007ffa8cc70000 - 0x00007ffa8cc7c000 	C:\WINDOWS\SYSTEM32\CRYPTBASE.dll
0x00007ffa8c520000 - 0x00007ffa8c556000 	C:\WINDOWS\SYSTEM32\ntmarta.dll
0x00007ffa8b580000 - 0x00007ffa8b7c2000 	C:\WINDOWS\SYSTEM32\dbghelp.dll
0x00007ffa8fdb0000 - 0x00007ffa8fe89000 	C:\WINDOWS\System32\OLEAUT32.dll

VM Arguments:
jvm_args: -Dcatalina.base=C:\eGovFrameDev-3.10.0-64bit\workspace\.metadata\.plugins\org.eclipse.wst.server.core\tmp1 -Dcatalina.home=C:\Was\apache-tomcat-8.5.96 -Dwtp.deploy=C:\eGovFrameDev-3.10.0-64bit\workspace\.metadata\.plugins\org.eclipse.wst.server.core\tmp1\wtpwebapps -Djava.endorsed.dirs=C:\Was\apache-tomcat-8.5.96\endorsed -Dlog.path=C:\team\eduHub\ExtenalAPI/logs -Dfile.encoding=UTF-8 
java_command: org.apache.catalina.startup.Bootstrap start
java_class_path (initial): C:\Was\apache-tomcat-8.5.96\bin\bootstrap.jar;C:\Was\apache-tomcat-8.5.96\bin\tomcat-juli.jar
Launcher Type: SUN_STANDARD

Environment Variables:
PATH=C:/Program Files/Java/jre-1.8/bin/server;C:/Program Files/Java/jre-1.8/bin;C:/Program Files/Java/jre-1.8/lib/amd64;C:\Program Files\Common Files\Oracle\Java\javapath;C:\Program Files (x86)\Common Files\Oracle\Java\java8path;C:\Program Files (x86)\Common Files\Oracle\Java\javapath;C:\WINDOWS\system32;C:\WINDOWS;C:\WINDOWS\System32\Wbem;C:\WINDOWS\System32\WindowsPowerShell\v1.0\;C:\WINDOWS\System32\OpenSSH\;C:\Program Files\Microsoft SQL Server\150\Tools\Binn\;C:\Program Files\dotnet\;C:\Program Files\nodejs\;C:\Program Files\Git\cmd;C:\Java\java-1.8.0-openjdk-1.8.0.332-1.b09.ojdkbuild.windows.x86_64\bin;C:\Program Files\Microsoft SQL Server\170\Tools\Binn\;C:\Program Files\Docker\Docker\resources\bin;C:\Program Files\Microsoft SQL Server\Client SDK\ODBC\170\Tools\Binn\;C:\Users\이근형\AppData\Local\Programs\Python\Python313\Scripts\;C:\Users\이근형\AppData\Local\Programs\Python\Python313\;C:\Users\이근형\AppData\Local\Microsoft\WindowsApps;C:\Users\이근형\AppData\Local\Programs\Microsoft VS Code\bin;C:\Program Files\Java\jdk-17\bin;C:\Program Files\JetBrains\IntelliJ IDEA Community Edition 2025.1.2\bin;;C:\Users\이근형\AppData\Roaming\npm;C:\msys64\ucrt64\bin;C:\Users\이근형\AppData\Local\GitHubDesktop\bin;C:\Users\이근형\.dotnet\tools;C:\eGovFrameDev-3.10.0-64bit\eclipse;
USERNAME=이근형
OS=Windows_NT
PROCESSOR_IDENTIFIER=Intel64 Family 6 Model 186 Stepping 2, GenuineIntel



---------------  S Y S T E M  ---------------

OS: Windows 11 , 64 bit Build 26100 (10.0.26100.8328)

CPU:total 16 (initial active 16) (8 cores per cpu, 2 threads per core) family 6 model 186 stepping 2, cmov, cx8, fxsr, mmx, sse, sse2, sse3, ssse3, sse4.1, sse4.2, popcnt, avx, avx2, aes, clmul, erms, 3dnowpref, lzcnt, ht, tsc, tscinvbit, bmi1, bmi2, adx

Memory: 4k page, physical 16452468k(1132092k free), swap 29035380k(22424k free)

vm_info: Java HotSpot(TM) 64-Bit Server VM (25.411-b09) for windows-amd64 JRE (1.8.0_411-b09), built on Mar 13 2024 07:26:13 by "java_re" with MS VC++ 17.1 (VS2022)

time: Thu Jun  4 13:47:21 2026
timezone: Intel64 Family 6 Model 186 Stepping 2, GenuineIntel
elapsed time: 11449.287543 seconds (0d 3h 10m 49s)

