#
# There is insufficient memory for the Java Runtime Environment to continue.
# Native memory allocation (malloc) failed to allocate 1488336 bytes for Chunk::new
# Possible reasons:
#   The system is out of physical RAM or swap space
#   The process is running with CompressedOops enabled, and the Java Heap may be blocking the growth of the native heap
# Possible solutions:
#   Reduce memory load on the system
#   Increase physical memory or swap space
#   Check if swap backing store is full
#   Decrease Java heap size (-Xmx/-Xms)
#   Decrease number of Java threads
#   Decrease Java thread stack sizes (-Xss)
#   Set larger code cache with -XX:ReservedCodeCacheSize=
#   JVM is running with Zero Based Compressed Oops mode in which the Java heap is
#     placed in the first 32GB address space. The Java Heap base address is the
#     maximum limit for the native heap growth. Please use -XX:HeapBaseMinAddress
#     to set the Java Heap base and to place the Java Heap above 32GB virtual address.
# This output file may be truncated or incomplete.
#
#  Out of Memory Error (allocation.cpp:389), pid=31320, tid=0x00000000000052f8
#
# JRE version: Java(TM) SE Runtime Environment (8.0_411) (build 1.8.0_411-b09)
# Java VM: Java HotSpot(TM) 64-Bit Server VM (25.411-b09 mixed mode windows-amd64 compressed oops)
# Failed to write core dump. Minidumps are not enabled by default on client versions of Windows
#

---------------  T H R E A D  ---------------

Current thread (0x000002bcc7bcc800):  JavaThread "C2 CompilerThread3" daemon [_thread_in_native, id=21240, stack(0x000000f8ed100000,0x000000f8ed200000)]

Stack: [0x000000f8ed100000,0x000000f8ed200000]
Native frames: (J=compiled Java code, j=interpreted, Vv=VM code, C=native code)
V  [jvm.dll+0x3540d9]
V  [jvm.dll+0x291062]
V  [jvm.dll+0x291c2d]
V  [jvm.dll+0x286265]
V  [jvm.dll+0xdb87c]
V  [jvm.dll+0xdc08c]
V  [jvm.dll+0x49d9cd]
V  [jvm.dll+0x460fe5]
V  [jvm.dll+0x46a29f]
V  [jvm.dll+0x469699]
V  [jvm.dll+0x4533cc]
V  [jvm.dll+0xb0626]
V  [jvm.dll+0xaecff]
V  [jvm.dll+0x252182]
V  [jvm.dll+0x2adb2c]
C  [ucrtbase.dll+0x37b0]
C  [KERNEL32.DLL+0x2e957]
C  [ntdll.dll+0x427c]


Current CompileTask:
C2:  14929 4621   !   4       org.springframework.core.annotation.AnnotationUtils::isInterfaceWithAnnotatedMethods (99 bytes)


---------------  P R O C E S S  ---------------

Java Threads: ( => current thread )
  0x000002bcc8652000 JavaThread "localhost-startStop-1" daemon [_thread_in_native, id=39264, stack(0x000000f8ede00000,0x000000f8edf00000)]
  0x000002bcc8650800 JavaThread "Catalina-startStop-1" daemon [_thread_blocked, id=40276, stack(0x000000f8edd00000,0x000000f8ede00000)]
  0x000002bcc8fdb000 JavaThread "GC Daemon" daemon [_thread_blocked, id=39412, stack(0x000000f8edc00000,0x000000f8edd00000)]
  0x000002bcc7cac000 JavaThread "Service Thread" daemon [_thread_blocked, id=18036, stack(0x000000f8eda00000,0x000000f8edb00000)]
  0x000002bcc7bd2800 JavaThread "C1 CompilerThread11" daemon [_thread_blocked, id=25136, stack(0x000000f8ed900000,0x000000f8eda00000)]
  0x000002bcc7bd2000 JavaThread "C1 CompilerThread10" daemon [_thread_blocked, id=41944, stack(0x000000f8ed800000,0x000000f8ed900000)]
  0x000002bcc7bce000 JavaThread "C1 CompilerThread9" daemon [_thread_blocked, id=8856, stack(0x000000f8ed700000,0x000000f8ed800000)]
  0x000002bcc7bd1000 JavaThread "C1 CompilerThread8" daemon [_thread_blocked, id=32468, stack(0x000000f8ed600000,0x000000f8ed700000)]
  0x000002bcc7bcd800 JavaThread "C2 CompilerThread7" daemon [_thread_blocked, id=41532, stack(0x000000f8ed500000,0x000000f8ed600000)]
  0x000002bcc7bcf000 JavaThread "C2 CompilerThread6" daemon [_thread_blocked, id=33448, stack(0x000000f8ed400000,0x000000f8ed500000)]
  0x000002bcc7bcf800 JavaThread "C2 CompilerThread5" daemon [_thread_blocked, id=34656, stack(0x000000f8ed300000,0x000000f8ed400000)]
  0x000002bcc7bd0800 JavaThread "C2 CompilerThread4" daemon [_thread_blocked, id=3236, stack(0x000000f8ed200000,0x000000f8ed300000)]
=>0x000002bcc7bcc800 JavaThread "C2 CompilerThread3" daemon [_thread_in_native, id=21240, stack(0x000000f8ed100000,0x000000f8ed200000)]
  0x000002bcc7bc9000 JavaThread "C2 CompilerThread2" daemon [_thread_in_native, id=30432, stack(0x000000f8ed000000,0x000000f8ed100000)]
  0x000002bcc7bc3800 JavaThread "C2 CompilerThread1" daemon [_thread_in_native, id=7900, stack(0x000000f8ecf00000,0x000000f8ed000000)]
  0x000002bcc7bc2000 JavaThread "C2 CompilerThread0" daemon [_thread_blocked, id=36800, stack(0x000000f8ece00000,0x000000f8ecf00000)]
  0x000002bcc7bbf800 JavaThread "Attach Listener" daemon [_thread_blocked, id=42340, stack(0x000000f8ecd00000,0x000000f8ece00000)]
  0x000002bcc7b5d800 JavaThread "Signal Dispatcher" daemon [_thread_blocked, id=38248, stack(0x000000f8ecc00000,0x000000f8ecd00000)]
  0x000002bcc7b50800 JavaThread "Finalizer" daemon [_thread_blocked, id=16844, stack(0x000000f8ecb00000,0x000000f8ecc00000)]
  0x000002bcc4e34000 JavaThread "Reference Handler" daemon [_thread_blocked, id=25260, stack(0x000000f8eca00000,0x000000f8ecb00000)]
  0x000002bcaa1b9800 JavaThread "main" [_thread_blocked, id=38464, stack(0x000000f8ebb00000,0x000000f8ebc00000)]

Other Threads:
  0x000002bcc4e2c800 VMThread [stack: 0x000000f8ec900000,0x000000f8eca00000] [id=37684]
  0x000002bcc7cb5000 WatcherThread [stack: 0x000000f8edb00000,0x000000f8edc00000] [id=34308]

VM state:not at safepoint (normal execution)

VM Mutex/Monitor currently owned by a thread: None

heap address: 0x00000006c4e00000, size: 4018 MB, Compressed Oops mode: Zero based, Oop shift amount: 3
Narrow klass base: 0x0000000000000000, Narrow klass shift: 3
Compressed class space size: 1073741824 Address: 0x00000007c0000000

Heap:
 PSYoungGen      total 519680K, used 76827K [0x000000076c500000, 0x0000000796380000, 0x00000007c0000000)
  eden space 488960K, 15% used [0x000000076c500000,0x0000000771006c90,0x000000078a280000)
  from space 30720K, 0% used [0x000000078a280000,0x000000078a280000,0x000000078c080000)
  to   space 30208K, 0% used [0x0000000794600000,0x0000000794600000,0x0000000796380000)
 ParOldGen       total 142336K, used 20943K [0x00000006c4e00000, 0x00000006cd900000, 0x000000076c500000)
  object space 142336K, 14% used [0x00000006c4e00000,0x00000006c6273cc0,0x00000006cd900000)
 Metaspace       used 36549K, capacity 37084K, committed 37288K, reserved 1081344K
  class space    used 4420K, capacity 4596K, committed 4656K, reserved 1048576K

Card table byte_map: [0x000002bcbb070000,0x000002bcbb850000] byte_map_base: 0x000002bcb7a49000

Marking Bits: (ParMarkBitMap*) 0x00007ff9ae9270d0
 Begin Bits: [0x000002bcbbd90000, 0x000002bcbfc58000)
 End Bits:   [0x000002bcbfc58000, 0x000002bcc3b20000)

Polling page: 0x000002bcaa4b0000

CodeCache: size=245760Kb used=18140Kb max_used=18150Kb free=227619Kb
 bounds [0x000002bcabcb0000, 0x000002bcace80000, 0x000002bcbacb0000]
 total_blobs=4770 nmethods=4282 adapters=397
 compilation: enabled

Compilation events (10 events):
Event: 10.864 Thread 0x000002bcc7bcf000 4787 %     4       java.net.URI::quote @ 27 (208 bytes)
Event: 10.866 Thread 0x000002bcc7bcf000 nmethod 4787% 0x000002bcace5a410 code [0x000002bcace5a560, 0x000002bcace5a8b8]
Event: 10.872 Thread 0x000002bcc7bce000 4788       3       java.util.zip.ZipUtils::dosToJavaTime (71 bytes)
Event: 10.872 Thread 0x000002bcc7bd1000 4789       3       java.util.Date::<init> (113 bytes)
Event: 10.873 Thread 0x000002bcc7bce000 nmethod 4788 0x000002bcace5d250 code [0x000002bcace5d3e0, 0x000002bcace5d920]
Event: 10.873 Thread 0x000002bcc7bd2000 4790       3       org.springframework.beans.factory.support.AbstractBeanFactory::isTypeMatch (532 bytes)
Event: 10.873 Thread 0x000002bcc7bd1000 nmethod 4789 0x000002bcace5add0 code [0x000002bcace5b060, 0x000002bcace5c810]
Event: 10.875 Thread 0x000002bcc7bd2000 nmethod 4790 0x000002bcace6a690 code [0x000002bcace6ace0, 0x000002bcace70820]
Event: 11.896 Thread 0x000002bcc7bd2800 4791       1       org.springframework.beans.PropertyValue::isOptional (5 bytes)
Event: 11.896 Thread 0x000002bcc7bd2800 nmethod 4791 0x000002bcace5a150 code [0x000002bcace5a2a0, 0x000002bcace5a3b8]

GC Heap History (10 events):
Event: 5.981 GC heap before
{Heap before GC invocations=7 (full 0):
 PSYoungGen      total 279552K, used 169113K [0x000000076c500000, 0x000000077fd00000, 0x00000007c0000000)
  eden space 253440K, 56% used [0x000000076c500000,0x00000007750adeb8,0x000000077bc80000)
  from space 26112K, 99% used [0x000000077da80000,0x000000077f3f8900,0x000000077f400000)
  to   space 30720K, 0% used [0x000000077bc80000,0x000000077bc80000,0x000000077da80000)
 ParOldGen       total 172032K, used 34932K [0x00000006c4e00000, 0x00000006cf600000, 0x000000076c500000)
  object space 172032K, 20% used [0x00000006c4e00000,0x00000006c701d360,0x00000006cf600000)
 Metaspace       used 20752K, capacity 21204K, committed 21296K, reserved 1069056K
  class space    used 2400K, capacity 2576K, committed 2608K, reserved 1048576K
Event: 5.990 GC heap after
Heap after GC invocations=7 (full 0):
 PSYoungGen      total 284160K, used 11286K [0x000000076c500000, 0x000000078f000000, 0x00000007c0000000)
  eden space 253440K, 0% used [0x000000076c500000,0x000000076c500000,0x000000077bc80000)
  from space 30720K, 36% used [0x000000077bc80000,0x000000077c785a50,0x000000077da80000)
  to   space 30720K, 0% used [0x000000078d200000,0x000000078d200000,0x000000078f000000)
 ParOldGen       total 172032K, used 41952K [0x00000006c4e00000, 0x00000006cf600000, 0x000000076c500000)
  object space 172032K, 24% used [0x00000006c4e00000,0x00000006c76f83b0,0x00000006cf600000)
 Metaspace       used 20752K, capacity 21204K, committed 21296K, reserved 1069056K
  class space    used 2400K, capacity 2576K, committed 2608K, reserved 1048576K
}
Event: 5.990 GC heap before
{Heap before GC invocations=8 (full 1):
 PSYoungGen      total 284160K, used 11286K [0x000000076c500000, 0x000000078f000000, 0x00000007c0000000)
  eden space 253440K, 0% used [0x000000076c500000,0x000000076c500000,0x000000077bc80000)
  from space 30720K, 36% used [0x000000077bc80000,0x000000077c785a50,0x000000077da80000)
  to   space 30720K, 0% used [0x000000078d200000,0x000000078d200000,0x000000078f000000)
 ParOldGen       total 172032K, used 41952K [0x00000006c4e00000, 0x00000006cf600000, 0x000000076c500000)
  object space 172032K, 24% used [0x00000006c4e00000,0x00000006c76f83b0,0x00000006cf600000)
 Metaspace       used 20752K, capacity 21204K, committed 21296K, reserved 1069056K
  class space    used 2400K, capacity 2576K, committed 2608K, reserved 1048576K
Event: 6.015 GC heap after
Heap after GC invocations=8 (full 1):
 PSYoungGen      total 284160K, used 0K [0x000000076c500000, 0x000000078f000000, 0x00000007c0000000)
  eden space 253440K, 0% used [0x000000076c500000,0x000000076c500000,0x000000077bc80000)
  from space 30720K, 0% used [0x000000077bc80000,0x000000077bc80000,0x000000077da80000)
  to   space 30720K, 0% used [0x000000078d200000,0x000000078d200000,0x000000078f000000)
 ParOldGen       total 111104K, used 17568K [0x00000006c4e00000, 0x00000006cba80000, 0x000000076c500000)
  object space 111104K, 15% used [0x00000006c4e00000,0x00000006c5f28260,0x00000006cba80000)
 Metaspace       used 20752K, capacity 21204K, committed 21296K, reserved 1069056K
  class space    used 2400K, capacity 2576K, committed 2608K, reserved 1048576K
}
Event: 8.115 GC heap before
{Heap before GC invocations=9 (full 1):
 PSYoungGen      total 284160K, used 253440K [0x000000076c500000, 0x000000078f000000, 0x00000007c0000000)
  eden space 253440K, 100% used [0x000000076c500000,0x000000077bc80000,0x000000077bc80000)
  from space 30720K, 0% used [0x000000077bc80000,0x000000077bc80000,0x000000077da80000)
  to   space 30720K, 0% used [0x000000078d200000,0x000000078d200000,0x000000078f000000)
 ParOldGen       total 111104K, used 17568K [0x00000006c4e00000, 0x00000006cba80000, 0x000000076c500000)
  object space 111104K, 15% used [0x00000006c4e00000,0x00000006c5f28260,0x00000006cba80000)
 Metaspace       used 29277K, capacity 29886K, committed 30128K, reserved 1075200K
  class space    used 3499K, capacity 3703K, committed 3760K, reserved 1048576K
Event: 8.122 GC heap after
Heap after GC invocations=9 (full 1):
 PSYoungGen      total 453120K, used 12452K [0x000000076c500000, 0x000000078de80000, 0x00000007c0000000)
  eden space 440320K, 0% used [0x000000076c500000,0x000000076c500000,0x0000000787300000)
  from space 12800K, 97% used [0x000000078d200000,0x000000078de29318,0x000000078de80000)
  to   space 30720K, 0% used [0x000000078a280000,0x000000078a280000,0x000000078c080000)
 ParOldGen       total 111104K, used 17576K [0x00000006c4e00000, 0x00000006cba80000, 0x000000076c500000)
  object space 111104K, 15% used [0x00000006c4e00000,0x00000006c5f2a260,0x00000006cba80000)
 Metaspace       used 29277K, capacity 29886K, committed 30128K, reserved 1075200K
  class space    used 3499K, capacity 3703K, committed 3760K, reserved 1048576K
}
Event: 9.576 GC heap before
{Heap before GC invocations=10 (full 1):
 PSYoungGen      total 453120K, used 232533K [0x000000076c500000, 0x000000078de80000, 0x00000007c0000000)
  eden space 440320K, 49% used [0x000000076c500000,0x0000000779bec290,0x0000000787300000)
  from space 12800K, 97% used [0x000000078d200000,0x000000078de29318,0x000000078de80000)
  to   space 30720K, 0% used [0x000000078a280000,0x000000078a280000,0x000000078c080000)
 ParOldGen       total 111104K, used 17576K [0x00000006c4e00000, 0x00000006cba80000, 0x000000076c500000)
  object space 111104K, 15% used [0x00000006c4e00000,0x00000006c5f2a260,0x00000006cba80000)
 Metaspace       used 34696K, capacity 35276K, committed 35496K, reserved 1081344K
  class space    used 4158K, capacity 4362K, committed 4400K, reserved 1048576K
Event: 9.583 GC heap after
Heap after GC invocations=10 (full 1):
 PSYoungGen      total 519680K, used 12013K [0x000000076c500000, 0x0000000796380000, 0x00000007c0000000)
  eden space 488960K, 0% used [0x000000076c500000,0x000000076c500000,0x000000078a280000)
  from space 30720K, 39% used [0x000000078a280000,0x000000078ae3b648,0x000000078c080000)
  to   space 30208K, 0% used [0x0000000794600000,0x0000000794600000,0x0000000796380000)
 ParOldGen       total 111104K, used 17584K [0x00000006c4e00000, 0x00000006cba80000, 0x000000076c500000)
  object space 111104K, 15% used [0x00000006c4e00000,0x00000006c5f2c260,0x00000006cba80000)
 Metaspace       used 34696K, capacity 35276K, committed 35496K, reserved 1081344K
  class space    used 4158K, capacity 4362K, committed 4400K, reserved 1048576K
}
Event: 9.583 GC heap before
{Heap before GC invocations=11 (full 2):
 PSYoungGen      total 519680K, used 12013K [0x000000076c500000, 0x0000000796380000, 0x00000007c0000000)
  eden space 488960K, 0% used [0x000000076c500000,0x000000076c500000,0x000000078a280000)
  from space 30720K, 39% used [0x000000078a280000,0x000000078ae3b648,0x000000078c080000)
  to   space 30208K, 0% used [0x0000000794600000,0x0000000794600000,0x0000000796380000)
 ParOldGen       total 111104K, used 17584K [0x00000006c4e00000, 0x00000006cba80000, 0x000000076c500000)
  object space 111104K, 15% used [0x00000006c4e00000,0x00000006c5f2c260,0x00000006cba80000)
 Metaspace       used 34696K, capacity 35276K, committed 35496K, reserved 1081344K
  class space    used 4158K, capacity 4362K, committed 4400K, reserved 1048576K
Event: 10.007 GC heap after
Heap after GC invocations=11 (full 2):
 PSYoungGen      total 519680K, used 0K [0x000000076c500000, 0x0000000796380000, 0x00000007c0000000)
  eden space 488960K, 0% used [0x000000076c500000,0x000000076c500000,0x000000078a280000)
  from space 30720K, 0% used [0x000000078a280000,0x000000078a280000,0x000000078c080000)
  to   space 30208K, 0% used [0x0000000794600000,0x0000000794600000,0x0000000796380000)
 ParOldGen       total 142336K, used 20943K [0x00000006c4e00000, 0x00000006cd900000, 0x000000076c500000)
  object space 142336K, 14% used [0x00000006c4e00000,0x00000006c6273cc0,0x00000006cd900000)
 Metaspace       used 34696K, capacity 35276K, committed 35496K, reserved 1081344K
  class space    used 4158K, capacity 4362K, committed 4400K, reserved 1048576K
}

Deoptimization events (10 events):
Event: 8.364 Thread 0x000002bcc8652000 Uncommon trap: reason=unstable_if action=reinterpret pc=0x000002bcac683f34 method=java.util.WeakHashMap.remove(Ljava/lang/Object;)Ljava/lang/Object; @ 94
Event: 8.438 Thread 0x000002bcc8652000 Uncommon trap: reason=unstable_if action=reinterpret pc=0x000002bcac1dfc8c method=java.lang.reflect.Method.equals(Ljava/lang/Object;)Z @ 1
Event: 9.125 Thread 0x000002bcc8652000 Uncommon trap: reason=class_check action=maybe_recompile pc=0x000002bcac5bc7c8 method=java.io.DataInputStream.readByte()B @ 4
Event: 9.125 Thread 0x000002bcc8652000 Uncommon trap: reason=class_check action=maybe_recompile pc=0x000002bcac5bc7c8 method=java.io.DataInputStream.readByte()B @ 4
Event: 9.125 Thread 0x000002bcc8652000 Uncommon trap: reason=class_check action=maybe_recompile pc=0x000002bcac5bc7c8 method=java.io.DataInputStream.readByte()B @ 4
Event: 9.125 Thread 0x000002bcc8652000 Uncommon trap: reason=class_check action=maybe_recompile pc=0x000002bcac5bc7c8 method=java.io.DataInputStream.readByte()B @ 4
Event: 10.168 Thread 0x000002bcc8652000 Uncommon trap: reason=unstable_if action=reinterpret pc=0x000002bcac75dc04 method=org.apache.catalina.loader.WebappClassLoaderBase.filter(Ljava/lang/String;Z)Z @ 51
Event: 10.403 Thread 0x000002bcc8652000 Uncommon trap: reason=unstable_if action=reinterpret pc=0x000002bcac68d784 method=java.util.HashMap.getNode(ILjava/lang/Object;)Ljava/util/HashMap$Node; @ 129
Event: 10.548 Thread 0x000002bcc8652000 Uncommon trap: reason=unstable_if action=reinterpret pc=0x000002bcacd41444 method=org.apache.catalina.loader.WebappClassLoaderBase.loadClass(Ljava/lang/String;Z)Ljava/lang/Class; @ 565
Event: 10.828 Thread 0x000002bcc8652000 Uncommon trap: reason=unstable_if action=reinterpret pc=0x000002bcac761164 method=org.springframework.beans.factory.support.AbstractBeanFactory.isTypeMatch(Ljava/lang/String;Lorg/springframework/core/ResolvableType;)Z @ 235

Classes redefined (0 events):
No events

Internal exceptions (10 events):
Event: 10.578 Thread 0x000002bcc8652000 Exception <a 'java/lang/ClassNotFoundException': javax/servlet/http/HttpServletCustomizer> (0x000000076f902968) thrown at [C:\jenkins\workspace\8-2-build-windows-x64-cygwin-sans-NAS\jdk8u411\893\hotspot\src\share\vm\classfile\systemDictionary.cpp, line 21
Event: 10.579 Thread 0x000002bcc8652000 Exception <a 'java/lang/ClassNotFoundException': org/springframework/web/servlet/HttpServletBeanCustomizer> (0x000000076f94ac98) thrown at [C:\jenkins\workspace\8-2-build-windows-x64-cygwin-sans-NAS\jdk8u411\893\hotspot\src\share\vm\classfile\systemDictio
Event: 10.580 Thread 0x000002bcc8652000 Exception <a 'java/lang/ClassNotFoundException': org/springframework/web/servlet/FrameworkServletCustomizer> (0x000000076f99bf40) thrown at [C:\jenkins\workspace\8-2-build-windows-x64-cygwin-sans-NAS\jdk8u411\893\hotspot\src\share\vm\classfile\systemDicti
Event: 10.582 Thread 0x000002bcc8652000 Exception <a 'java/lang/ClassNotFoundException': org/springframework/web/servlet/DispatcherServletCustomizer> (0x000000076fa01440) thrown at [C:\jenkins\workspace\8-2-build-windows-x64-cygwin-sans-NAS\jdk8u411\893\hotspot\src\share\vm\classfile\systemDict
Event: 10.585 Thread 0x000002bcc8652000 Exception <a 'java/lang/ClassNotFoundException': org/springframework/context/ApplicationContextAwareCustomizer> (0x000000076fa80b00) thrown at [C:\jenkins\workspace\8-2-build-windows-x64-cygwin-sans-NAS\jdk8u411\893\hotspot\src\share\vm\classfile\systemDi
Event: 10.585 Thread 0x000002bcc8652000 Exception <a 'java/lang/ClassNotFoundException': org/springframework/core/env/EnvironmentCapableCustomizer> (0x000000076fac6818) thrown at [C:\jenkins\workspace\8-2-build-windows-x64-cygwin-sans-NAS\jdk8u411\893\hotspot\src\share\vm\classfile\systemDictio
Event: 10.586 Thread 0x000002bcc8652000 Exception <a 'java/lang/ClassNotFoundException': org/springframework/context/EnvironmentAwareCustomizer> (0x000000076fb0ac08) thrown at [C:\jenkins\workspace\8-2-build-windows-x64-cygwin-sans-NAS\jdk8u411\893\hotspot\src\share\vm\classfile\systemDictionar
Event: 10.587 Thread 0x000002bcc8652000 Exception <a 'java/lang/ClassNotFoundException': javax/servlet/ServletCustomizer> (0x000000076fb285f0) thrown at [C:\jenkins\workspace\8-2-build-windows-x64-cygwin-sans-NAS\jdk8u411\893\hotspot\src\share\vm\classfile\systemDictionary.cpp, line 213]
Event: 10.588 Thread 0x000002bcc8652000 Exception <a 'java/lang/ClassNotFoundException': javax/servlet/ServletConfigCustomizer> (0x000000076fb4a988) thrown at [C:\jenkins\workspace\8-2-build-windows-x64-cygwin-sans-NAS\jdk8u411\893\hotspot\src\share\vm\classfile\systemDictionary.cpp, line 213]
Event: 10.589 Thread 0x000002bcc8652000 Exception <a 'java/lang/ClassNotFoundException': java/io/SerializableCustomizer> (0x000000076fb66cb8) thrown at [C:\jenkins\workspace\8-2-build-windows-x64-cygwin-sans-NAS\jdk8u411\893\hotspot\src\share\vm\classfile\systemDictionary.cpp, line 213]

Events (10 events):
Event: 10.784 loading class com/google/gson/Gson done
Event: 10.785 loading class com/google/gson$Gson
Event: 10.785 loading class com/google/gson$Gson done
Event: 10.792 loading class org/webjars/WebJarAssetLocator
Event: 10.792 loading class org/webjars/WebJarAssetLocator done
Event: 10.793 loading class org/webjars$WebJarAssetLocator
Event: 10.793 loading class org/webjars$WebJarAssetLocator done
Event: 10.828 Thread 0x000002bcc8652000 Uncommon trap: trap_request=0xffffff65 fr.pc=0x000002bcac761164
Event: 10.828 Thread 0x000002bcc8652000 DEOPT PACKING pc=0x000002bcac761164 sp=0x000000f8edefe580
Event: 10.828 Thread 0x000002bcc8652000 DEOPT UNPACKING pc=0x000002bcabcf58c3 sp=0x000000f8edefe550 mode 2


Dynamic libraries:
0x00007ff68a850000 - 0x00007ff68a89a000 	C:\Program Files\Java\jre-1.8\bin\javaw.exe
0x00007ffa90c40000 - 0x00007ffa90ea7000 	C:\WINDOWS\SYSTEM32\ntdll.dll
0x00007ffa8f560000 - 0x00007ffa8f629000 	C:\WINDOWS\System32\KERNEL32.DLL
0x00007ffa8e5c0000 - 0x00007ffa8e9b7000 	C:\WINDOWS\System32\KERNELBASE.dll
0x00007ffa8ef40000 - 0x00007ffa8eff6000 	C:\WINDOWS\System32\ADVAPI32.dll
0x00007ffa8ff40000 - 0x00007ffa8ffe9000 	C:\WINDOWS\System32\msvcrt.dll
0x00007ffa8fe90000 - 0x00007ffa8ff37000 	C:\WINDOWS\System32\sechost.dll
0x00007ffa900b0000 - 0x00007ffa901c8000 	C:\WINDOWS\System32\RPCRT4.dll
0x00007ffa90850000 - 0x00007ffa90a16000 	C:\WINDOWS\System32\USER32.dll
0x00007ffa8dd20000 - 0x00007ffa8dd47000 	C:\WINDOWS\System32\win32u.dll
0x00007ffa8f000000 - 0x00007ffa8f02b000 	C:\WINDOWS\System32\GDI32.dll
0x00007ffa8dbf0000 - 0x00007ffa8dd1c000 	C:\WINDOWS\System32\gdi32full.dll
0x00007ffa8d670000 - 0x00007ffa8d713000 	C:\WINDOWS\System32\msvcp_win.dll
0x00007ffa8daa0000 - 0x00007ffa8dbeb000 	C:\WINDOWS\System32\ucrtbase.dll
0x00007ffa73b70000 - 0x00007ffa73e02000 	C:\WINDOWS\WinSxS\amd64_microsoft.windows.common-controls_6595b64144ccf1df_6.0.26100.8457_none_3e0b2faee331e92d\COMCTL32.dll
0x00007ffa8e9c0000 - 0x00007ffa8e9f2000 	C:\WINDOWS\System32\IMM32.DLL
0x00007ffa77cf0000 - 0x00007ffa77d0b000 	C:\Program Files\Java\jre-1.8\bin\vcruntime140.dll
0x00007ffa86640000 - 0x00007ffa8664c000 	C:\Program Files\Java\jre-1.8\bin\vcruntime140_1.dll
0x00007ffa63840000 - 0x00007ffa638ce000 	C:\Program Files\Java\jre-1.8\bin\msvcp140.dll
0x00007ff9ae0f0000 - 0x00007ff9ae9a1000 	C:\Program Files\Java\jre-1.8\bin\server\jvm.dll
0x00007ffa8eaa0000 - 0x00007ffa8eaa8000 	C:\WINDOWS\System32\PSAPI.DLL
0x00007ffa82bf0000 - 0x00007ffa82c26000 	C:\WINDOWS\SYSTEM32\WINMM.dll
0x00007ffa798c0000 - 0x00007ffa798cb000 	C:\WINDOWS\SYSTEM32\VERSION.dll
0x00007ffa5b650000 - 0x00007ffa5b65a000 	C:\WINDOWS\SYSTEM32\WSOCK32.dll
0x00007ffa8f470000 - 0x00007ffa8f4f0000 	C:\WINDOWS\System32\WS2_32.dll
0x00007ffa8c400000 - 0x00007ffa8c41b000 	C:\WINDOWS\SYSTEM32\kernel.appcore.dll
0x00007ffa5e600000 - 0x00007ffa5e610000 	C:\Program Files\Java\jre-1.8\bin\verify.dll
0x00007ffa55e50000 - 0x00007ffa55e7b000 	C:\Program Files\Java\jre-1.8\bin\java.dll
0x00007ffa55df0000 - 0x00007ffa55e08000 	C:\Program Files\Java\jre-1.8\bin\zip.dll
0x00007ffa8f630000 - 0x00007ffa8fd9e000 	C:\WINDOWS\System32\SHELL32.dll
0x00007ffa8dd50000 - 0x00007ffa8e5bc000 	C:\WINDOWS\System32\windows.storage.dll
0x00007ffa8f030000 - 0x00007ffa8f3b3000 	C:\WINDOWS\System32\combase.dll
0x00007ffa90b00000 - 0x00007ffa90bf6000 	C:\WINDOWS\System32\SHCORE.dll
0x00007ffa90a20000 - 0x00007ffa90a86000 	C:\WINDOWS\System32\shlwapi.dll
0x00007ffa8d590000 - 0x00007ffa8d5b9000 	C:\WINDOWS\SYSTEM32\profapi.dll
0x00007ffa77bc0000 - 0x00007ffa77bcd000 	C:\Program Files\Java\jre-1.8\bin\management.dll
0x00007ffa55dd0000 - 0x00007ffa55dec000 	C:\Program Files\Java\jre-1.8\bin\net.dll
0x00007ffa8c970000 - 0x00007ffa8c9dc000 	C:\WINDOWS\system32\mswsock.dll
0x00007ffa55db0000 - 0x00007ffa55dc3000 	C:\Program Files\Java\jre-1.8\bin\nio.dll
0x00007ffa643c0000 - 0x00007ffa643e5000 	C:\Program Files\Java\jre-1.8\bin\sunec.dll
0x00007ffa75c90000 - 0x00007ffa75c9e000 	C:\Program Files\Java\jre-1.8\bin\sunmscapi.dll
0x00007ffa8d920000 - 0x00007ffa8da98000 	C:\WINDOWS\System32\CRYPT32.dll
0x00007ffa8ce70000 - 0x00007ffa8cea0000 	C:\WINDOWS\SYSTEM32\ncrypt.dll
0x00007ffa8ce20000 - 0x00007ffa8ce5f000 	C:\WINDOWS\SYSTEM32\NTASN1.dll
0x00007ffa6afa0000 - 0x00007ffa6afb8000 	C:\WINDOWS\system32\napinsp.dll
0x00007ffa8bec0000 - 0x00007ffa8bff2000 	C:\WINDOWS\SYSTEM32\DNSAPI.dll
0x00007ffa8be80000 - 0x00007ffa8beb2000 	C:\WINDOWS\SYSTEM32\IPHLPAPI.DLL
0x00007ffa8ea90000 - 0x00007ffa8ea9a000 	C:\WINDOWS\System32\NSI.dll
0x00007ffa6af80000 - 0x00007ffa6af93000 	C:\WINDOWS\System32\winrnr.dll
0x00007ffa6af50000 - 0x00007ffa6af72000 	C:\WINDOWS\system32\nlansp_c.dll
0x00007ffa6af30000 - 0x00007ffa6af46000 	C:\WINDOWS\system32\wshbth.dll
0x00007ffa81f00000 - 0x00007ffa81f0b000 	C:\Windows\System32\rasadhlp.dll
0x00007ffa85650000 - 0x00007ffa856d6000 	C:\WINDOWS\System32\fwpuclnt.dll
0x00007ffa85020000 - 0x00007ffa8503d000 	C:\WINDOWS\SYSTEM32\dhcpcsvc6.DLL
0x00007ffa84ff0000 - 0x00007ffa85015000 	C:\WINDOWS\SYSTEM32\dhcpcsvc.DLL
0x00007ffa8cc50000 - 0x00007ffa8cc6b000 	C:\WINDOWS\SYSTEM32\CRYPTSP.dll
0x00007ffa8c360000 - 0x00007ffa8c399000 	C:\WINDOWS\system32\rsaenh.dll
0x00007ffa8ca20000 - 0x00007ffa8ca53000 	C:\WINDOWS\SYSTEM32\USERENV.dll
0x00007ffa8d560000 - 0x00007ffa8d58a000 	C:\WINDOWS\SYSTEM32\bcrypt.dll
0x00007ffa8d870000 - 0x00007ffa8d918000 	C:\WINDOWS\System32\bcryptprimitives.dll
0x00007ffa8cc70000 - 0x00007ffa8cc7c000 	C:\WINDOWS\SYSTEM32\CRYPTBASE.dll
0x00007ffa8b580000 - 0x00007ffa8b7c2000 	C:\WINDOWS\SYSTEM32\dbghelp.dll
0x00007ffa8fdb0000 - 0x00007ffa8fe89000 	C:\WINDOWS\System32\OLEAUT32.dll

VM Arguments:
jvm_args: -Dcatalina.base=C:\eGovFrameDev-3.10.0-64bit\workspace\.metadata\.plugins\org.eclipse.wst.server.core\tmp1 -Dcatalina.home=C:\Was\apache-tomcat-8.5.96 -Dwtp.deploy=C:\eGovFrameDev-3.10.0-64bit\workspace\.metadata\.plugins\org.eclipse.wst.server.core\tmp1\wtpwebapps -Djava.endorsed.dirs=C:\Was\apache-tomcat-8.5.96\endorsed -Dlog.path=C:\team\eduHub\ExtenalAPI/logs -Dfile.encoding=UTF-8 
java_command: org.apache.catalina.startup.Bootstrap start
java_class_path (initial): C:\Was\apache-tomcat-8.5.96\bin\bootstrap.jar;C:\Was\apache-tomcat-8.5.96\bin\tomcat-juli.jar
Launcher Type: SUN_STANDARD

Environment Variables:
PATH=C:/Program Files/Java/jre-1.8/bin/server;C:/Program Files/Java/jre-1.8/bin;C:/Program Files/Java/jre-1.8/lib/amd64;C:\Program Files\Common Files\Oracle\Java\javapath;C:\Program Files (x86)\Common Files\Oracle\Java\java8path;C:\Program Files (x86)\Common Files\Oracle\Java\javapath;C:\WINDOWS\system32;C:\WINDOWS;C:\WINDOWS\System32\Wbem;C:\WINDOWS\System32\WindowsPowerShell\v1.0\;C:\WINDOWS\System32\OpenSSH\;C:\Program Files\Microsoft SQL Server\150\Tools\Binn\;C:\Program Files\dotnet\;C:\Program Files\nodejs\;C:\Program Files\Git\cmd;C:\Java\java-1.8.0-openjdk-1.8.0.332-1.b09.ojdkbuild.windows.x86_64\bin;C:\Program Files\Microsoft SQL Server\170\Tools\Binn\;C:\Program Files\Docker\Docker\resources\bin;C:\Program Files\Microsoft SQL Server\Client SDK\ODBC\170\Tools\Binn\;C:\Users\이근형\AppData\Local\Programs\Python\Python313\Scripts\;C:\Users\이근형\AppData\Local\Programs\Python\Python313\;C:\Users\이근형\AppData\Local\Microsoft\WindowsApps;C:\Users\이근형\AppData\Local\Programs\Microsoft VS Code\bin;C:\Program Files\Java\jdk-17\bin;C:\Program Files\JetBrains\IntelliJ IDEA Community Edition 2025.1.2\bin;;C:\Users\이근형\AppData\Roaming\npm;C:\msys64\ucrt64\bin;C:\Users\이근형\AppData\Local\GitHubDesktop\bin;C:\Users\이근형\.dotnet\tools;C:\eGovFrameDev-3.10.0-64bit\eclipse;
USERNAME=이근형
OS=Windows_NT
PROCESSOR_IDENTIFIER=Intel64 Family 6 Model 186 Stepping 2, GenuineIntel



---------------  S Y S T E M  ---------------

OS: Windows 11 , 64 bit Build 26100 (10.0.26100.8328)

CPU:total 16 (initial active 16) (8 cores per cpu, 2 threads per core) family 6 model 186 stepping 2, cmov, cx8, fxsr, mmx, sse, sse2, sse3, ssse3, sse4.1, sse4.2, popcnt, avx, avx2, aes, clmul, erms, 3dnowpref, lzcnt, ht, tsc, tscinvbit, bmi1, bmi2, adx

Memory: 4k page, physical 16452468k(1830536k free), swap 29035380k(948k free)

vm_info: Java HotSpot(TM) 64-Bit Server VM (25.411-b09) for windows-amd64 JRE (1.8.0_411-b09), built on Mar 13 2024 07:26:13 by "java_re" with MS VC++ 17.1 (VS2022)

time: Thu Jun  4 14:18:08 2026
timezone: Intel64 Family 6 Model 186 Stepping 2, GenuineIntel
elapsed time: 14.942120 seconds (0d 0h 0m 14s)

